Using pre-set license
Built from '6000.0/staging' branch; Version is '6000.0.24f1 (11fa355cd605) revision 1178165'; Using compiler version '193933523'; Build Type 'Release'
OS: 'Windows 11  (10.0.26200) 64bit Core' Language: 'en' Physical Memory: 65395 MB
BatchMode: 1, IsHumanControllingUs: 0, StartBugReporterOnCrash: 0, Is64bit: 1, IsPro: 1

COMMAND LINE ARGUMENTS:
C:\Program Files\Unity\Hub\Editor\6000.0.24f1\Editor\Unity.exe
-adb2
-batchMode
-noUpm
-name
AssetImportWorker10
-projectPath
C:/Users/User/Desktop/SIT/Github Desktop/CT900-SCH/GitHub-HLC1/HL_CH1_TW
-logFile
Logs/AssetImportWorker10.log
-srvPort
58941
-job-worker-count
9
-background-job-worker-count
8
-asset-garbage-collectors
1
Successfully changed project path to: C:/Users/User/Desktop/SIT/Github Desktop/CT900-SCH/GitHub-HLC1/HL_CH1_TW
C:/Users/User/Desktop/SIT/Github Desktop/CT900-SCH/GitHub-HLC1/HL_CH1_TW
[UnityMemory] Configuration Parameters - Can be set up in boot.config
    "memorysetup-bucket-allocator-granularity=16"
    "memorysetup-bucket-allocator-bucket-count=8"
    "memorysetup-bucket-allocator-block-size=33554432"
    "memorysetup-bucket-allocator-block-count=8"
    "memorysetup-main-allocator-block-size=16777216"
    "memorysetup-thread-allocator-block-size=16777216"
    "memorysetup-gfx-main-allocator-block-size=16777216"
    "memorysetup-gfx-thread-allocator-block-size=16777216"
    "memorysetup-cache-allocator-block-size=4194304"
    "memorysetup-typetree-allocator-block-size=2097152"
    "memorysetup-profiler-bucket-allocator-granularity=16"
    "memorysetup-profiler-bucket-allocator-bucket-count=8"
    "memorysetup-profiler-bucket-allocator-block-size=33554432"
    "memorysetup-profiler-bucket-allocator-block-count=8"
    "memorysetup-profiler-allocator-block-size=16777216"
    "memorysetup-profiler-editor-allocator-block-size=1048576"
    "memorysetup-temp-allocator-size-main=16777216"
    "memorysetup-job-temp-allocator-block-size=2097152"
    "memorysetup-job-temp-allocator-block-size-background=1048576"
    "memorysetup-job-temp-allocator-reduction-small-platforms=262144"
    "memorysetup-allocator-temp-initial-block-size-main=262144"
    "memorysetup-allocator-temp-initial-block-size-worker=262144"
    "memorysetup-temp-allocator-size-background-worker=32768"
    "memorysetup-temp-allocator-size-job-worker=262144"
    "memorysetup-temp-allocator-size-preload-manager=33554432"
    "memorysetup-temp-allocator-size-nav-mesh-worker=65536"
    "memorysetup-temp-allocator-size-audio-worker=65536"
    "memorysetup-temp-allocator-size-cloud-worker=32768"
    "memorysetup-temp-allocator-size-gi-baking-worker=262144"
    "memorysetup-temp-allocator-size-gi-baking-worker=262144"
    "memorysetup-temp-allocator-size-gi-baking-worker=262144"
    "memorysetup-temp-allocator-size-gi-baking-worker=262144"
    "memorysetup-temp-allocator-size-gi-baking-worker=262144"
    "memorysetup-temp-allocator-size-gfx=262144"
Player connection [44192]  Target information:

Player connection [44192]  * "[IP] 192.168.18.191 [Port] 0 [Flags] 2 [Guid] 3883692819 [EditorId] 3883692819 [Version] 1048832 [Id] WindowsEditor(7,DESKTOP-ASE2N49) [Debug] 1 [PackageName] WindowsEditor [ProjectName] Editor" 

Player connection [44192] Host joined multi-casting on [225.0.0.222:54997]...
Player connection [44192] Host joined alternative multi-casting on [225.0.0.222:34997]...
JobSystem: Creating JobQueue using job-worker-count value 9
[Physics::Module] Initialized fallback backend.
[Physics::Module] Id: 0xdecafbad
Library Redirect Path: Library/
[Physics::Module] Selected backend.
[Physics::Module] Name: PhysX
[Physics::Module] Id: 0xf2b8ea05
[Physics::Module] SDK Version: 4.1.2
[Physics::Module] Integration Version: 1.0.0
[Physics::Module] Threading Mode: Multi-Threaded
Refreshing native plugins compatible for Editor in 2.49 ms, found 8 plugins.
Preloading 0 native plugins for Editor in 0.00 ms.
Initialize engine version: 6000.0.24f1 (11fa355cd605)
[Subsystems] Discovering subsystems at path C:/Program Files/Unity/Hub/Editor/6000.0.24f1/Editor/Data/Resources/UnitySubsystems
[Subsystems] Discovering subsystems at path C:/Users/User/Desktop/SIT/Github Desktop/CT900-SCH/GitHub-HLC1/HL_CH1_TW/Assets
GfxDevice: creating device client; kGfxThreadingModeNonThreaded
Direct3D:
    Version:  Direct3D 11.0 [level 11.1]
    Renderer: NVIDIA GeForce RTX 3060 (ID=0x2504)
    Vendor:   NVIDIA
    VRAM:     12115 MB
    Driver:   32.0.15.9186
Initialize mono
Mono path[0] = 'C:/Program Files/Unity/Hub/Editor/6000.0.24f1/Editor/Data/Managed'
Mono path[1] = 'C:/Program Files/Unity/Hub/Editor/6000.0.24f1/Editor/Data/MonoBleedingEdge/lib/mono/unityjit-win32'
Mono config path = 'C:/Program Files/Unity/Hub/Editor/6000.0.24f1/Editor/Data/MonoBleedingEdge/etc'
Using monoOptions --debugger-agent=transport=dt_socket,embedding=1,server=y,suspend=n,address=127.0.0.1:56756
Begin MonoManager ReloadAssembly
Registering precompiled unity dll's ...
Register platform support module: C:/Program Files/Unity/Hub/Editor/6000.0.24f1/Editor/Data/PlaybackEngines/WindowsStandaloneSupport/UnityEditor.WindowsStandalone.Extensions.dll
Register platform support module: C:/Program Files/Unity/Hub/Editor/6000.0.24f1/Editor/Data/PlaybackEngines/AndroidPlayer/UnityEditor.Android.Extensions.dll
Registered in 0.002929 seconds.
- Loaded All Assemblies, in  0.302 seconds
Native extension for Android target not found
Android Extension - Scanning For ADB Devices 220 ms
Native extension for WindowsStandalone target not found
Mono: successfully reloaded assembly
- Finished resetting the current domain, in  0.570 seconds
Domain Reload Profiling: 870ms
	BeginReloadAssembly (101ms)
		ExecutionOrderSort (0ms)
		DisableScriptedObjects (0ms)
		BackupInstance (0ms)
		ReleaseScriptingObjects (0ms)
		CreateAndSetChildDomain (1ms)
	RebuildCommonClasses (29ms)
	RebuildNativeTypeToScriptingClass (9ms)
	initialDomainReloadingComplete (40ms)
	LoadAllAssembliesAndSetupDomain (121ms)
		LoadAssemblies (99ms)
		RebuildTransferFunctionScriptingTraits (0ms)
		AnalyzeDomain (119ms)
			TypeCache.Refresh (117ms)
				TypeCache.ScanAssembly (106ms)
			BuildScriptInfoCaches (0ms)
			ResolveRequiredComponents (0ms)
	FinalizeReload (570ms)
		ReleaseScriptCaches (0ms)
		RebuildScriptCaches (0ms)
		SetupLoadedEditorAssemblies (537ms)
			LogAssemblyErrors (0ms)
			InitializePlatformSupportModulesInManaged (289ms)
			SetLoadedEditorAssemblies (4ms)
			BeforeProcessingInitializeOnLoad (5ms)
			ProcessInitializeOnLoadAttributes (149ms)
			ProcessInitializeOnLoadMethodAttributes (76ms)
			AfterProcessingInitializeOnLoad (15ms)
			EditorAssembliesLoaded (0ms)
		ExecutionOrderSort2 (0ms)
		AwakeInstancesAfterBackupRestoration (0ms)
========================================================================
Worker process is ready to serve import requests
Import Worker Mode flag is 0x00
Begin MonoManager ReloadAssembly
- Loaded All Assemblies, in  0.788 seconds
Refreshing native plugins compatible for Editor in 1.98 ms, found 8 plugins.
Native extension for Android target not found
Native extension for WindowsStandalone target not found
Mono: successfully reloaded assembly
- Finished resetting the current domain, in  0.680 seconds
Domain Reload Profiling: 1465ms
	BeginReloadAssembly (285ms)
		ExecutionOrderSort (0ms)
		DisableScriptedObjects (6ms)
		BackupInstance (0ms)
		ReleaseScriptingObjects (0ms)
		CreateAndSetChildDomain (28ms)
	RebuildCommonClasses (28ms)
	RebuildNativeTypeToScriptingClass (9ms)
	initialDomainReloadingComplete (28ms)
	LoadAllAssembliesAndSetupDomain (435ms)
		LoadAssemblies (311ms)
		RebuildTransferFunctionScriptingTraits (0ms)
		AnalyzeDomain (203ms)
			TypeCache.Refresh (143ms)
				TypeCache.ScanAssembly (129ms)
			BuildScriptInfoCaches (52ms)
			ResolveRequiredComponents (5ms)
	FinalizeReload (680ms)
		ReleaseScriptCaches (0ms)
		RebuildScriptCaches (0ms)
		SetupLoadedEditorAssemblies (511ms)
			LogAssemblyErrors (0ms)
			InitializePlatformSupportModulesInManaged (10ms)
			SetLoadedEditorAssemblies (6ms)
			BeforeProcessingInitializeOnLoad (94ms)
			ProcessInitializeOnLoadAttributes (355ms)
			ProcessInitializeOnLoadMethodAttributes (39ms)
			AfterProcessingInitializeOnLoad (7ms)
			EditorAssembliesLoaded (0ms)
		ExecutionOrderSort2 (0ms)
		AwakeInstancesAfterBackupRestoration (5ms)
Launched and connected shader compiler UnityShaderCompiler.exe after 0.01 seconds
Refreshing native plugins compatible for Editor in 1.85 ms, found 8 plugins.
Preloading 0 native plugins for Editor in 0.00 ms.
Unloading 38 Unused Serialized files (Serialized files now loaded: 0)
Unloading 4790 unused Assets / (1.5 MB). Loaded Objects now: 5392.
Memory consumption went from 128.2 MB to 126.7 MB.
Total: 6.397400 ms (FindLiveObjects: 0.416900 ms CreateObjectMapping: 0.391200 ms MarkObjects: 4.430000 ms  DeleteObjects: 1.157700 ms)

========================================================================
Received Import Request.
  Time since last request: 330818.685076 seconds.
  path: Assets/Unity Asset Store/UI/kenney_game-icons/PNG/White/1x/target.png
  artifactKey: Guid(700c38bf4496a6645ba012fa8c47e32c) Importer(815301076,1909f56bfc062723c751e8b465ee728b)
Start importing Assets/Unity Asset Store/UI/kenney_game-icons/PNG/White/1x/target.png using Guid(700c38bf4496a6645ba012fa8c47e32c) Importer(815301076,1909f56bfc062723c751e8b465ee728b) (PreviewImporter) -> (artifact id: '6760e8d6f3dfbbfae77d77177f879f76') in 0.0752716 seconds
Number of updated asset objects reloaded before import = 0Number of asset objects unloaded after import = 3

========================================================================
Received Import Request.
  Time since last request: 6.544967 seconds.
  path: Assets/Art/Characters/Enemies/Enemy Galore 1 - Pixel Art/Sprites/Spiked Slime/Slime_Spiked_Ability.png
  artifactKey: Guid(36c306bbdf8331549ad33fdf28f674e7) Importer(815301076,1909f56bfc062723c751e8b465ee728b)
Start importing Assets/Art/Characters/Enemies/Enemy Galore 1 - Pixel Art/Sprites/Spiked Slime/Slime_Spiked_Ability.png using Guid(36c306bbdf8331549ad33fdf28f674e7) Importer(815301076,1909f56bfc062723c751e8b465ee728b) (PreviewImporter) -> (artifact id: 'a1e63f37a5caf0e898805a1d71dcea0e') in 0.0115355 seconds
Number of updated asset objects reloaded before import = 0Number of asset objects unloaded after import = 6

========================================================================
Received Import Request.
  Time since last request: 5.265947 seconds.
  path: Assets/Unity Asset Store/UI/kenney_game-icons/PNG/Black/1x/share2.png
  artifactKey: Guid(d65792ebfddb40e468d68bf4431a7770) Importer(815301076,1909f56bfc062723c751e8b465ee728b)
Start importing Assets/Unity Asset Store/UI/kenney_game-icons/PNG/Black/1x/share2.png using Guid(d65792ebfddb40e468d68bf4431a7770) Importer(815301076,1909f56bfc062723c751e8b465ee728b) (PreviewImporter) -> (artifact id: 'da5e342c1522eb79e70e44d32eccc2de') in 0.0093037 seconds
Number of updated asset objects reloaded before import = 0Number of asset objects unloaded after import = 3

========================================================================
Received Import Request.
  Time since last request: 0.090280 seconds.
  path: Assets/Unity Asset Store/UI/kenney_game-icons/PNG/White/1x/share1.png
  artifactKey: Guid(406da3f1eace95c499862cca8a6fa5b9) Importer(815301076,1909f56bfc062723c751e8b465ee728b)
Start importing Assets/Unity Asset Store/UI/kenney_game-icons/PNG/White/1x/share1.png using Guid(406da3f1eace95c499862cca8a6fa5b9) Importer(815301076,1909f56bfc062723c751e8b465ee728b) (PreviewImporter) -> (artifact id: 'd67e2fac2d5ae79a3bdc343785f32027') in 0.0146382 seconds
Number of updated asset objects reloaded before import = 0Number of asset objects unloaded after import = 4

========================================================================
Received Import Request.
  Time since last request: 20.387826 seconds.
  path: Assets/Unity Asset Store/UI/kenney_game-icons/PNG/Black/2x/buttonL2.png
  artifactKey: Guid(ade892396ae823049ae641f3c231bbd4) Importer(815301076,1909f56bfc062723c751e8b465ee728b)
Start importing Assets/Unity Asset Store/UI/kenney_game-icons/PNG/Black/2x/buttonL2.png using Guid(ade892396ae823049ae641f3c231bbd4) Importer(815301076,1909f56bfc062723c751e8b465ee728b) (PreviewImporter) -> (artifact id: 'b83dc6dfd54ed968a4a7fc16e6649d6d') in 0.0199382 seconds
Number of updated asset objects reloaded before import = 0Number of asset objects unloaded after import = 3

========================================================================
Received Import Request.
  Time since last request: 1.940867 seconds.
  path: Assets/Unity Asset Store/UI/kenney_game-icons/PNG/Black/1x/down.png
  artifactKey: Guid(1a8197b6e68f3be4f95b995d8f340719) Importer(815301076,1909f56bfc062723c751e8b465ee728b)
Start importing Assets/Unity Asset Store/UI/kenney_game-icons/PNG/Black/1x/down.png using Guid(1a8197b6e68f3be4f95b995d8f340719) Importer(815301076,1909f56bfc062723c751e8b465ee728b) (PreviewImporter) -> (artifact id: '866fab1cec2a91cd1159c6c00125312b') in 0.01032 seconds
Number of updated asset objects reloaded before import = 0Number of asset objects unloaded after import = 3

========================================================================
Received Import Request.
  Time since last request: 0.041492 seconds.
  path: Assets/Unity Asset Store/UI/kenney_game-icons/PNG/Black/2x/downRight.png
  artifactKey: Guid(fdcc2440f52915642a1c5cabea2c0ef5) Importer(815301076,1909f56bfc062723c751e8b465ee728b)
Start importing Assets/Unity Asset Store/UI/kenney_game-icons/PNG/Black/2x/downRight.png using Guid(fdcc2440f52915642a1c5cabea2c0ef5) Importer(815301076,1909f56bfc062723c751e8b465ee728b) (PreviewImporter) -> (artifact id: '1d63f5f5e9db2601dcb61b8ca6e4f913') in 0.0121654 seconds
Number of updated asset objects reloaded before import = 0Number of asset objects unloaded after import = 3

========================================================================
Received Import Request.
  Time since last request: 1.673866 seconds.
  path: Assets/Unity Asset Store/UI/Classic_RPG_GUI/Parts/energy_line2.png
  artifactKey: Guid(5ce92b6869ff93e4787d8b24d6a0185c) Importer(815301076,1909f56bfc062723c751e8b465ee728b)
Start importing Assets/Unity Asset Store/UI/Classic_RPG_GUI/Parts/energy_line2.png using Guid(5ce92b6869ff93e4787d8b24d6a0185c) Importer(815301076,1909f56bfc062723c751e8b465ee728b) (PreviewImporter) -> (artifact id: '83a4d2fea04b0e394c02443004bbb511') in 0.0107657 seconds
Number of updated asset objects reloaded before import = 0Number of asset objects unloaded after import = 3

========================================================================
Received Import Request.
  Time since last request: 0.038188 seconds.
  path: Assets/Unity Asset Store/UI/kenney_game-icons/PNG/White/1x/exclamation.png
  artifactKey: Guid(36587826ef1fc9440900a0740dbfc733) Importer(815301076,1909f56bfc062723c751e8b465ee728b)
Start importing Assets/Unity Asset Store/UI/kenney_game-icons/PNG/White/1x/exclamation.png using Guid(36587826ef1fc9440900a0740dbfc733) Importer(815301076,1909f56bfc062723c751e8b465ee728b) (PreviewImporter) -> (artifact id: 'f3c92c29aed998e85740120467b9e056') in 0.0132501 seconds
Number of updated asset objects reloaded before import = 0Number of asset objects unloaded after import = 4

========================================================================
Received Import Request.
  Time since last request: 0.027205 seconds.
  path: Assets/Unity Asset Store/UI/kenney_game-icons/PNG/Black/1x/exitLeft.png
  artifactKey: Guid(08aff3a3cb58e324783dd96aa8a1bba8) Importer(815301076,1909f56bfc062723c751e8b465ee728b)
Start importing Assets/Unity Asset Store/UI/kenney_game-icons/PNG/Black/1x/exitLeft.png using Guid(08aff3a3cb58e324783dd96aa8a1bba8) Importer(815301076,1909f56bfc062723c751e8b465ee728b) (PreviewImporter) -> (artifact id: 'c9c4a1efa6113c862f91227aff4d42a8') in 0.0110463 seconds
Number of updated asset objects reloaded before import = 0Number of asset objects unloaded after import = 4

========================================================================
Received Import Request.
  Time since last request: 0.265497 seconds.
  path: Assets/Unity Asset Store/UI/kenney_game-icons/PNG/Black/1x/exitRight.png
  artifactKey: Guid(a7a57b35c67d7b94cab51f8242d2035f) Importer(815301076,1909f56bfc062723c751e8b465ee728b)
Start importing Assets/Unity Asset Store/UI/kenney_game-icons/PNG/Black/1x/exitRight.png using Guid(a7a57b35c67d7b94cab51f8242d2035f) Importer(815301076,1909f56bfc062723c751e8b465ee728b) (PreviewImporter) -> (artifact id: '3ff901d6e6e8d90da0df2840823115bf') in 0.0160473 seconds
Number of updated asset objects reloaded before import = 0Number of asset objects unloaded after import = 4

========================================================================
Received Import Request.
  Time since last request: 0.036776 seconds.
  path: Assets/Unity Asset Store/UI/kenney_game-icons/PNG/Black/2x/export.png
  artifactKey: Guid(fa282b101b3f5da44acdc17ca744b1da) Importer(815301076,1909f56bfc062723c751e8b465ee728b)
Start importing Assets/Unity Asset Store/UI/kenney_game-icons/PNG/Black/2x/export.png using Guid(fa282b101b3f5da44acdc17ca744b1da) Importer(815301076,1909f56bfc062723c751e8b465ee728b) (PreviewImporter) -> (artifact id: '95acc38f6cbcdb9fd355cc5dacda7011') in 0.0121962 seconds
Number of updated asset objects reloaded before import = 0Number of asset objects unloaded after import = 4

========================================================================
Received Import Request.
  Time since last request: 0.001476 seconds.
  path: Assets/Unity Asset Store/UI/kenney_game-icons/PNG/Black/1x/fastForward.png
  artifactKey: Guid(9a1df82357f244c4c88c30bfc1c587ce) Importer(815301076,1909f56bfc062723c751e8b465ee728b)
Start importing Assets/Unity Asset Store/UI/kenney_game-icons/PNG/Black/1x/fastForward.png using Guid(9a1df82357f244c4c88c30bfc1c587ce) Importer(815301076,1909f56bfc062723c751e8b465ee728b) (PreviewImporter) -> (artifact id: '970c1b4a250812ae2ec57a2f53572ce0') in 0.0083053 seconds
Number of updated asset objects reloaded before import = 0Number of asset objects unloaded after import = 3

========================================================================
Received Import Request.
  Time since last request: 0.000018 seconds.
  path: Assets/Unity Asset Store/UI/kenney_game-icons/PNG/Black/1x/film.png
  artifactKey: Guid(98241ef4bb18a8540bdffa1bc9514b8e) Importer(815301076,1909f56bfc062723c751e8b465ee728b)
Start importing Assets/Unity Asset Store/UI/kenney_game-icons/PNG/Black/1x/film.png using Guid(98241ef4bb18a8540bdffa1bc9514b8e) Importer(815301076,1909f56bfc062723c751e8b465ee728b) (PreviewImporter) -> (artifact id: '292e054855837ea843a7fdb5aca22194') in 0.0123407 seconds
Number of updated asset objects reloaded before import = 0Number of asset objects unloaded after import = 3

========================================================================
Received Import Request.
  Time since last request: 0.333024 seconds.
  path: Assets/Art/Characters/Player Classes/Pixel Heroes Pack/Sprites/Fire Mage/Firemage.png
  artifactKey: Guid(2b78a767032f52f42aac7735648c31c4) Importer(815301076,1909f56bfc062723c751e8b465ee728b)
Start importing Assets/Art/Characters/Player Classes/Pixel Heroes Pack/Sprites/Fire Mage/Firemage.png using Guid(2b78a767032f52f42aac7735648c31c4) Importer(815301076,1909f56bfc062723c751e8b465ee728b) (PreviewImporter) -> (artifact id: '7c0063924d2de6d08f70738347e36a68') in 0.0898944 seconds
Number of updated asset objects reloaded before import = 0Number of asset objects unloaded after import = 49

========================================================================
Received Import Request.
  Time since last request: 1.573237 seconds.
  path: Assets/Unity Asset Store/UI/kenney_game-icons/PNG/White/1x/forward.png
  artifactKey: Guid(4feee747e2ff3c947bd824a2246afb33) Importer(815301076,1909f56bfc062723c751e8b465ee728b)
Start importing Assets/Unity Asset Store/UI/kenney_game-icons/PNG/White/1x/forward.png using Guid(4feee747e2ff3c947bd824a2246afb33) Importer(815301076,1909f56bfc062723c751e8b465ee728b) (PreviewImporter) -> (artifact id: 'bf8847043af0295bbaa05b9ca8efa4ab') in 0.0084814 seconds
Number of updated asset objects reloaded before import = 0Number of asset objects unloaded after import = 3

========================================================================
Received Import Request.
  Time since last request: 0.075252 seconds.
  path: Assets/Unity Asset Store/UI/Classic_RPG_GUI/update/Frame_purple.png
  artifactKey: Guid(e2d59fb6eeb2e634db0e244ebca32571) Importer(815301076,1909f56bfc062723c751e8b465ee728b)
Start importing Assets/Unity Asset Store/UI/Classic_RPG_GUI/update/Frame_purple.png using Guid(e2d59fb6eeb2e634db0e244ebca32571) Importer(815301076,1909f56bfc062723c751e8b465ee728b) (PreviewImporter) -> (artifact id: '630dfee0ba67c3e4bfa01741d7aac5b9') in 0.0163533 seconds
Number of updated asset objects reloaded before import = 0Number of asset objects unloaded after import = 3

========================================================================
Received Import Request.
  Time since last request: 1.687529 seconds.
  path: Assets/Art/Characters/Enemies/Enemy Galore 1 - Pixel Art/Sprites/Reinforced Golem/Golem_Armor_AttackB.png
  artifactKey: Guid(0193a293270d5f247a5ebc009c8de825) Importer(815301076,1909f56bfc062723c751e8b465ee728b)
Start importing Assets/Art/Characters/Enemies/Enemy Galore 1 - Pixel Art/Sprites/Reinforced Golem/Golem_Armor_AttackB.png using Guid(0193a293270d5f247a5ebc009c8de825) Importer(815301076,1909f56bfc062723c751e8b465ee728b) (PreviewImporter) -> (artifact id: 'ad9ad2bae3c0820778c96bd576eacae5') in 0.0182632 seconds
Number of updated asset objects reloaded before import = 0Number of asset objects unloaded after import = 10

========================================================================
Received Import Request.
  Time since last request: 2.103633 seconds.
  path: Assets/Art/Characters/Enemies/Enemy Galore 1 - Pixel Art/Sprites/Golem/Golem_HitB.png
  artifactKey: Guid(3f90aef0b8dcbbe4ea65156cbd6d8acd) Importer(815301076,1909f56bfc062723c751e8b465ee728b)
Start importing Assets/Art/Characters/Enemies/Enemy Galore 1 - Pixel Art/Sprites/Golem/Golem_HitB.png using Guid(3f90aef0b8dcbbe4ea65156cbd6d8acd) Importer(815301076,1909f56bfc062723c751e8b465ee728b) (PreviewImporter) -> (artifact id: 'd9575b8892dbc8b8ef3f36a4111e98fc') in 0.0127562 seconds
Number of updated asset objects reloaded before import = 0Number of asset objects unloaded after import = 7

========================================================================
Received Import Request.
  Time since last request: 0.069215 seconds.
  path: Assets/Art/Characters/Enemies/Enemy Galore 1 - Pixel Art/Sprites/Golem/Golem_IdleB.png
  artifactKey: Guid(b10aba54aecddfa4a955158f5746f0f4) Importer(815301076,1909f56bfc062723c751e8b465ee728b)
Start importing Assets/Art/Characters/Enemies/Enemy Galore 1 - Pixel Art/Sprites/Golem/Golem_IdleB.png using Guid(b10aba54aecddfa4a955158f5746f0f4) Importer(815301076,1909f56bfc062723c751e8b465ee728b) (PreviewImporter) -> (artifact id: '86f15ff4541cf54d70f4cf058dac39ad') in 0.0164384 seconds
Number of updated asset objects reloaded before import = 0Number of asset objects unloaded after import = 6

========================================================================
Received Import Request.
  Time since last request: 2.083696 seconds.
  path: Assets/Unity Asset Store/UI/kenney_game-icons/PNG/White/1x/home.png
  artifactKey: Guid(12a373b51e1019c4cb7e939436a0cdfb) Importer(815301076,1909f56bfc062723c751e8b465ee728b)
Start importing Assets/Unity Asset Store/UI/kenney_game-icons/PNG/White/1x/home.png using Guid(12a373b51e1019c4cb7e939436a0cdfb) Importer(815301076,1909f56bfc062723c751e8b465ee728b) (PreviewImporter) -> (artifact id: '37493dd4dd4ef4a091a15d4131f1b765') in 0.0285076 seconds
Number of updated asset objects reloaded before import = 0Number of asset objects unloaded after import = 3

========================================================================
Received Import Request.
  Time since last request: 0.000022 seconds.
  path: Assets/Unity Asset Store/UI/kenney_game-icons/PNG/Black/2x/information.png
  artifactKey: Guid(8157feafec7335d479e44ae4b78c7c0c) Importer(815301076,1909f56bfc062723c751e8b465ee728b)
Start importing Assets/Unity Asset Store/UI/kenney_game-icons/PNG/Black/2x/information.png using Guid(8157feafec7335d479e44ae4b78c7c0c) Importer(815301076,1909f56bfc062723c751e8b465ee728b) (PreviewImporter) -> (artifact id: '1e0f5340ef49274b422db5f149b14522') in 0.0160422 seconds
Number of updated asset objects reloaded before import = 0Number of asset objects unloaded after import = 4

========================================================================
Received Import Request.
  Time since last request: 0.024468 seconds.
  path: Assets/Unity Asset Store/UI/kenney_game-icons/PNG/Black/1x/joystick.png
  artifactKey: Guid(4649bf8456f0230499c0a72bb9844f6b) Importer(815301076,1909f56bfc062723c751e8b465ee728b)
Start importing Assets/Unity Asset Store/UI/kenney_game-icons/PNG/Black/1x/joystick.png using Guid(4649bf8456f0230499c0a72bb9844f6b) Importer(815301076,1909f56bfc062723c751e8b465ee728b) (PreviewImporter) -> (artifact id: '4e966da98134e6d83ffacc9a054581e0') in 0.0089464 seconds
Number of updated asset objects reloaded before import = 0Number of asset objects unloaded after import = 3

========================================================================
Received Import Request.
  Time since last request: 0.025832 seconds.
  path: Assets/Unity Asset Store/UI/kenney_game-icons/PNG/Black/1x/joystickLeft.png
  artifactKey: Guid(358b383e2f0e050488c10eff836fbe0e) Importer(815301076,1909f56bfc062723c751e8b465ee728b)
Start importing Assets/Unity Asset Store/UI/kenney_game-icons/PNG/Black/1x/joystickLeft.png using Guid(358b383e2f0e050488c10eff836fbe0e) Importer(815301076,1909f56bfc062723c751e8b465ee728b) (PreviewImporter) -> (artifact id: '3370a162fb38ee9b8cfba52aa9c691be') in 0.0083582 seconds
Number of updated asset objects reloaded before import = 0Number of asset objects unloaded after import = 3

========================================================================
Received Import Request.
  Time since last request: 0.000038 seconds.
  path: Assets/Unity Asset Store/UI/kenney_game-icons/PNG/White/1x/joystickRight.png
  artifactKey: Guid(e955bbb798e106243a99aa4c8ab93e40) Importer(815301076,1909f56bfc062723c751e8b465ee728b)
Start importing Assets/Unity Asset Store/UI/kenney_game-icons/PNG/White/1x/joystickRight.png using Guid(e955bbb798e106243a99aa4c8ab93e40) Importer(815301076,1909f56bfc062723c751e8b465ee728b) (PreviewImporter) -> (artifact id: '0bb4d22aaf928809c454553940165e11') in 0.0078984 seconds
Number of updated asset objects reloaded before import = 0Number of asset objects unloaded after import = 3

========================================================================
Received Import Request.
  Time since last request: 7.619740 seconds.
  path: Assets/Unity Asset Store/UI/Classic_RPG_GUI/Parts/little_round_frame2.png
  artifactKey: Guid(1479817b46f87f9428532d529bce2a3e) Importer(815301076,1909f56bfc062723c751e8b465ee728b)
Start importing Assets/Unity Asset Store/UI/Classic_RPG_GUI/Parts/little_round_frame2.png using Guid(1479817b46f87f9428532d529bce2a3e) Importer(815301076,1909f56bfc062723c751e8b465ee728b) (PreviewImporter) -> (artifact id: 'a90d64ef342818a58052cc8872e3bde6') in 0.0076199 seconds
Number of updated asset objects reloaded before import = 0Number of asset objects unloaded after import = 3

========================================================================
Received Import Request.
  Time since last request: 0.029814 seconds.
  path: Assets/Unity Asset Store/UI/kenney_game-icons/PNG/Black/2x/locked.png
  artifactKey: Guid(4cb9b561dfb326f43b0e611ce977e11e) Importer(815301076,1909f56bfc062723c751e8b465ee728b)
Start importing Assets/Unity Asset Store/UI/kenney_game-icons/PNG/Black/2x/locked.png using Guid(4cb9b561dfb326f43b0e611ce977e11e) Importer(815301076,1909f56bfc062723c751e8b465ee728b) (PreviewImporter) -> (artifact id: '05db23b85b4dfbe2ad760eb40b0cf860') in 0.0059228 seconds
Number of updated asset objects reloaded before import = 0Number of asset objects unloaded after import = 3

========================================================================
Received Import Request.
  Time since last request: 0.044556 seconds.
  path: Assets/Unity Asset Store/UI/kenney_game-icons/PNG/White/1x/medal1.png
  artifactKey: Guid(1f04eaa5a06497b41b77995b6fc02b1e) Importer(815301076,1909f56bfc062723c751e8b465ee728b)
Start importing Assets/Unity Asset Store/UI/kenney_game-icons/PNG/White/1x/medal1.png using Guid(1f04eaa5a06497b41b77995b6fc02b1e) Importer(815301076,1909f56bfc062723c751e8b465ee728b) (PreviewImporter) -> (artifact id: 'aad80ba7063ac14669c5150518774abf') in 0.0065686 seconds
Number of updated asset objects reloaded before import = 0Number of asset objects unloaded after import = 3

========================================================================
Received Import Request.
  Time since last request: 0.003808 seconds.
  path: Assets/Unity Asset Store/UI/kenney_game-icons/PNG/Black/1x/medal1.png
  artifactKey: Guid(381180692996132458ed19e4ab543275) Importer(815301076,1909f56bfc062723c751e8b465ee728b)
Start importing Assets/Unity Asset Store/UI/kenney_game-icons/PNG/Black/1x/medal1.png using Guid(381180692996132458ed19e4ab543275) Importer(815301076,1909f56bfc062723c751e8b465ee728b) (PreviewImporter) -> (artifact id: '6e31a335349b9fd0f512391c853cbb0f') in 0.0085631 seconds
Number of updated asset objects reloaded before import = 0Number of asset objects unloaded after import = 3

Editor requested this worker to shutdown with reason: Scaling down because of idle timeout
AssetImportWorker is now disconnected from the server
Process exiting
Exiting without the bug reporter. Application will terminate with return code 0