Using pre-set license
Built from '6000.0/staging' branch; Version is '6000.0.24f1 (11fa355cd605) revision 1178165'; Using compiler version '193933523'; Build Type 'Release'
OS: 'Windows 11  (10.0.26200) 64bit Core' Language: 'en' Physical Memory: 65395 MB
BatchMode: 1, IsHumanControllingUs: 0, StartBugReporterOnCrash: 0, Is64bit: 1, IsPro: 1

COMMAND LINE ARGUMENTS:
C:\Program Files\Unity\Hub\Editor\6000.0.24f1\Editor\Unity.exe
-adb2
-batchMode
-noUpm
-name
AssetImportWorker5
-projectPath
C:/Users/User/Desktop/SIT/Github Desktop/CT900-SCH/GitHub-HLC1/HL_CH1_TW
-logFile
Logs/AssetImportWorker5.log
-srvPort
63190
-job-worker-count
9
-background-job-worker-count
8
-asset-garbage-collectors
1
Successfully changed project path to: C:/Users/User/Desktop/SIT/Github Desktop/CT900-SCH/GitHub-HLC1/HL_CH1_TW
C:/Users/User/Desktop/SIT/Github Desktop/CT900-SCH/GitHub-HLC1/HL_CH1_TW
[UnityMemory] Configuration Parameters - Can be set up in boot.config
    "memorysetup-bucket-allocator-granularity=16"
    "memorysetup-bucket-allocator-bucket-count=8"
    "memorysetup-bucket-allocator-block-size=33554432"
    "memorysetup-bucket-allocator-block-count=8"
    "memorysetup-main-allocator-block-size=16777216"
    "memorysetup-thread-allocator-block-size=16777216"
    "memorysetup-gfx-main-allocator-block-size=16777216"
    "memorysetup-gfx-thread-allocator-block-size=16777216"
    "memorysetup-cache-allocator-block-size=4194304"
    "memorysetup-typetree-allocator-block-size=2097152"
    "memorysetup-profiler-bucket-allocator-granularity=16"
    "memorysetup-profiler-bucket-allocator-bucket-count=8"
    "memorysetup-profiler-bucket-allocator-block-size=33554432"
    "memorysetup-profiler-bucket-allocator-block-count=8"
    "memorysetup-profiler-allocator-block-size=16777216"
    "memorysetup-profiler-editor-allocator-block-size=1048576"
    "memorysetup-temp-allocator-size-main=16777216"
    "memorysetup-job-temp-allocator-block-size=2097152"
    "memorysetup-job-temp-allocator-block-size-background=1048576"
    "memorysetup-job-temp-allocator-reduction-small-platforms=262144"
    "memorysetup-allocator-temp-initial-block-size-main=262144"
    "memorysetup-allocator-temp-initial-block-size-worker=262144"
    "memorysetup-temp-allocator-size-background-worker=32768"
    "memorysetup-temp-allocator-size-job-worker=262144"
    "memorysetup-temp-allocator-size-preload-manager=33554432"
    "memorysetup-temp-allocator-size-nav-mesh-worker=65536"
    "memorysetup-temp-allocator-size-audio-worker=65536"
    "memorysetup-temp-allocator-size-cloud-worker=32768"
    "memorysetup-temp-allocator-size-gi-baking-worker=262144"
    "memorysetup-temp-allocator-size-gi-baking-worker=262144"
    "memorysetup-temp-allocator-size-gi-baking-worker=262144"
    "memorysetup-temp-allocator-size-gi-baking-worker=262144"
    "memorysetup-temp-allocator-size-gi-baking-worker=262144"
    "memorysetup-temp-allocator-size-gfx=262144"
Player connection [17788]  Target information:

Player connection [17788]  * "[IP] 192.168.18.191 [Port] 0 [Flags] 2 [Guid] 2155784170 [EditorId] 2155784170 [Version] 1048832 [Id] WindowsEditor(7,DESKTOP-ASE2N49) [Debug] 1 [PackageName] WindowsEditor [ProjectName] Editor" 

Player connection [17788] Host joined multi-casting on [225.0.0.222:54997]...
Player connection [17788] Host joined alternative multi-casting on [225.0.0.222:34997]...
JobSystem: Creating JobQueue using job-worker-count value 9
[Physics::Module] Initialized fallback backend.
[Physics::Module] Id: 0xdecafbad
Library Redirect Path: Library/
[Physics::Module] Selected backend.
[Physics::Module] Name: PhysX
[Physics::Module] Id: 0xf2b8ea05
[Physics::Module] SDK Version: 4.1.2
[Physics::Module] Integration Version: 1.0.0
[Physics::Module] Threading Mode: Multi-Threaded
Refreshing native plugins compatible for Editor in 3.66 ms, found 8 plugins.
Preloading 0 native plugins for Editor in 0.00 ms.
Initialize engine version: 6000.0.24f1 (11fa355cd605)
[Subsystems] Discovering subsystems at path C:/Program Files/Unity/Hub/Editor/6000.0.24f1/Editor/Data/Resources/UnitySubsystems
[Subsystems] Discovering subsystems at path C:/Users/User/Desktop/SIT/Github Desktop/CT900-SCH/GitHub-HLC1/HL_CH1_TW/Assets
GfxDevice: creating device client; kGfxThreadingModeNonThreaded
Direct3D:
    Version:  Direct3D 11.0 [level 11.1]
    Renderer: NVIDIA GeForce RTX 3060 (ID=0x2504)
    Vendor:   NVIDIA
    VRAM:     12115 MB
    Driver:   32.0.15.9186
Initialize mono
Mono path[0] = 'C:/Program Files/Unity/Hub/Editor/6000.0.24f1/Editor/Data/Managed'
Mono path[1] = 'C:/Program Files/Unity/Hub/Editor/6000.0.24f1/Editor/Data/MonoBleedingEdge/lib/mono/unityjit-win32'
Mono config path = 'C:/Program Files/Unity/Hub/Editor/6000.0.24f1/Editor/Data/MonoBleedingEdge/etc'
Using monoOptions --debugger-agent=transport=dt_socket,embedding=1,server=y,suspend=n,address=127.0.0.1:56864
Begin MonoManager ReloadAssembly
Registering precompiled unity dll's ...
Register platform support module: C:/Program Files/Unity/Hub/Editor/6000.0.24f1/Editor/Data/PlaybackEngines/WindowsStandaloneSupport/UnityEditor.WindowsStandalone.Extensions.dll
Register platform support module: C:/Program Files/Unity/Hub/Editor/6000.0.24f1/Editor/Data/PlaybackEngines/AndroidPlayer/UnityEditor.Android.Extensions.dll
Registered in 0.002526 seconds.
- Loaded All Assemblies, in  0.300 seconds
Native extension for Android target not found
Android Extension - Scanning For ADB Devices 284 ms
Native extension for WindowsStandalone target not found
Mono: successfully reloaded assembly
- Finished resetting the current domain, in  0.572 seconds
Domain Reload Profiling: 871ms
	BeginReloadAssembly (106ms)
		ExecutionOrderSort (0ms)
		DisableScriptedObjects (0ms)
		BackupInstance (0ms)
		ReleaseScriptingObjects (0ms)
		CreateAndSetChildDomain (1ms)
	RebuildCommonClasses (27ms)
	RebuildNativeTypeToScriptingClass (8ms)
	initialDomainReloadingComplete (38ms)
	LoadAllAssembliesAndSetupDomain (118ms)
		LoadAssemblies (104ms)
		RebuildTransferFunctionScriptingTraits (0ms)
		AnalyzeDomain (116ms)
			TypeCache.Refresh (114ms)
				TypeCache.ScanAssembly (104ms)
			BuildScriptInfoCaches (0ms)
			ResolveRequiredComponents (0ms)
	FinalizeReload (572ms)
		ReleaseScriptCaches (0ms)
		RebuildScriptCaches (0ms)
		SetupLoadedEditorAssemblies (542ms)
			LogAssemblyErrors (0ms)
			InitializePlatformSupportModulesInManaged (352ms)
			SetLoadedEditorAssemblies (3ms)
			BeforeProcessingInitializeOnLoad (5ms)
			ProcessInitializeOnLoadAttributes (119ms)
			ProcessInitializeOnLoadMethodAttributes (57ms)
			AfterProcessingInitializeOnLoad (5ms)
			EditorAssembliesLoaded (0ms)
		ExecutionOrderSort2 (0ms)
		AwakeInstancesAfterBackupRestoration (0ms)
========================================================================
Worker process is ready to serve import requests
Import Worker Mode flag is 0x00
Begin MonoManager ReloadAssembly
- Loaded All Assemblies, in  0.798 seconds
Refreshing native plugins compatible for Editor in 1.94 ms, found 8 plugins.
Native extension for Android target not found
Native extension for WindowsStandalone target not found
Mono: successfully reloaded assembly
- Finished resetting the current domain, in  0.706 seconds
Domain Reload Profiling: 1501ms
	BeginReloadAssembly (276ms)
		ExecutionOrderSort (0ms)
		DisableScriptedObjects (5ms)
		BackupInstance (0ms)
		ReleaseScriptingObjects (0ms)
		CreateAndSetChildDomain (29ms)
	RebuildCommonClasses (27ms)
	RebuildNativeTypeToScriptingClass (8ms)
	initialDomainReloadingComplete (29ms)
	LoadAllAssembliesAndSetupDomain (455ms)
		LoadAssemblies (320ms)
		RebuildTransferFunctionScriptingTraits (0ms)
		AnalyzeDomain (211ms)
			TypeCache.Refresh (147ms)
				TypeCache.ScanAssembly (131ms)
			BuildScriptInfoCaches (53ms)
			ResolveRequiredComponents (6ms)
	FinalizeReload (706ms)
		ReleaseScriptCaches (0ms)
		RebuildScriptCaches (0ms)
		SetupLoadedEditorAssemblies (536ms)
			LogAssemblyErrors (0ms)
			InitializePlatformSupportModulesInManaged (11ms)
			SetLoadedEditorAssemblies (6ms)
			BeforeProcessingInitializeOnLoad (107ms)
			ProcessInitializeOnLoadAttributes (373ms)
			ProcessInitializeOnLoadMethodAttributes (33ms)
			AfterProcessingInitializeOnLoad (6ms)
			EditorAssembliesLoaded (0ms)
		ExecutionOrderSort2 (0ms)
		AwakeInstancesAfterBackupRestoration (4ms)
Launched and connected shader compiler UnityShaderCompiler.exe after 0.01 seconds
Refreshing native plugins compatible for Editor in 1.90 ms, found 8 plugins.
Preloading 0 native plugins for Editor in 0.00 ms.
Unloading 38 Unused Serialized files (Serialized files now loaded: 0)
Unloading 4763 unused Assets / (1.5 MB). Loaded Objects now: 5365.
Memory consumption went from 128.1 MB to 126.6 MB.
Total: 6.373300 ms (FindLiveObjects: 0.407600 ms CreateObjectMapping: 0.314700 ms MarkObjects: 4.121100 ms  DeleteObjects: 1.528700 ms)

========================================================================
Received Import Request.
  Time since last request: 284216.299553 seconds.
  path: Assets/Art/Weapons/Pixel Art Icon Pack - RPG/Texture/Weapon & Tool/Wooden Shield.png
  artifactKey: Guid(615f3cdaa1374bd4db14286066f31cde) Importer(815301076,1909f56bfc062723c751e8b465ee728b)
Start importing Assets/Art/Weapons/Pixel Art Icon Pack - RPG/Texture/Weapon & Tool/Wooden Shield.png using Guid(615f3cdaa1374bd4db14286066f31cde) Importer(815301076,1909f56bfc062723c751e8b465ee728b) (PreviewImporter) -> (artifact id: '9dbb4ec345136e86839752cc8bdaa46d') in 0.0822048 seconds
Number of updated asset objects reloaded before import = 0Number of asset objects unloaded after import = 3

========================================================================
Received Import Request.
  Time since last request: 0.000021 seconds.
  path: Assets/Art/Pause Screen Assets/tilemap_packed.png
  artifactKey: Guid(9cc2a6ccfed19564198d39e0c0ca6be4) Importer(815301076,1909f56bfc062723c751e8b465ee728b)
Start importing Assets/Art/Pause Screen Assets/tilemap_packed.png using Guid(9cc2a6ccfed19564198d39e0c0ca6be4) Importer(815301076,1909f56bfc062723c751e8b465ee728b) (PreviewImporter) -> (artifact id: 'ce2909b7054153fcdae8ca85b27d2258') in 0.3281172 seconds
Number of updated asset objects reloaded before import = 0Number of asset objects unloaded after import = 84

========================================================================
Received Import Request.
  Time since last request: 0.000099 seconds.
  path: Assets/Art/Button UI/Classic_RPG_GUI/Parts/Mana_line2.png
  artifactKey: Guid(d223cad1239aeb945909cebab6466a27) Importer(815301076,1909f56bfc062723c751e8b465ee728b)
Start importing Assets/Art/Button UI/Classic_RPG_GUI/Parts/Mana_line2.png using Guid(d223cad1239aeb945909cebab6466a27) Importer(815301076,1909f56bfc062723c751e8b465ee728b) (PreviewImporter) -> (artifact id: '6efbced7b6cc80739bd755d456b113ae') in 0.0164258 seconds
Number of updated asset objects reloaded before import = 0Number of asset objects unloaded after import = 3

========================================================================
Received Import Request.
  Time since last request: 0.000050 seconds.
  path: Assets/Art/Characters/Enemies/Enemy Galore 1 - Pixel Art/Sprites/Golem/Golem_AttackB.png
  artifactKey: Guid(25a3186823579f342b2398d96f6e55a6) Importer(815301076,1909f56bfc062723c751e8b465ee728b)
Start importing Assets/Art/Characters/Enemies/Enemy Galore 1 - Pixel Art/Sprites/Golem/Golem_AttackB.png using Guid(25a3186823579f342b2398d96f6e55a6) Importer(815301076,1909f56bfc062723c751e8b465ee728b) (PreviewImporter) -> (artifact id: '4033309e2a55adae09af2420f171d2d1') in 0.0350736 seconds
Number of updated asset objects reloaded before import = 0Number of asset objects unloaded after import = 9

========================================================================
Received Import Request.
  Time since last request: 0.000033 seconds.
  path: Assets/Art/Button UI/Classic_RPG_GUI/frame_backgrounds/melee_background.png
  artifactKey: Guid(ff8444197b8825b4e94c3ffc4c98f31a) Importer(815301076,1909f56bfc062723c751e8b465ee728b)
Start importing Assets/Art/Button UI/Classic_RPG_GUI/frame_backgrounds/melee_background.png using Guid(ff8444197b8825b4e94c3ffc4c98f31a) Importer(815301076,1909f56bfc062723c751e8b465ee728b) (PreviewImporter) -> (artifact id: '1f93f4689ca74424f3526f2aa8def548') in 0.0267025 seconds
Number of updated asset objects reloaded before import = 0Number of asset objects unloaded after import = 3

========================================================================
Received Import Request.
  Time since last request: 0.000039 seconds.
  path: Assets/Art/Weapons/Pixel Art Icon Pack - RPG/Texture/Weapon & Tool/Wooden Sword.png
  artifactKey: Guid(2ddf0348701148a4d8a7c6a0f7f146b3) Importer(815301076,1909f56bfc062723c751e8b465ee728b)
Start importing Assets/Art/Weapons/Pixel Art Icon Pack - RPG/Texture/Weapon & Tool/Wooden Sword.png using Guid(2ddf0348701148a4d8a7c6a0f7f146b3) Importer(815301076,1909f56bfc062723c751e8b465ee728b) (PreviewImporter) -> (artifact id: '05d61ae2ebcf5ab0b86e2ddac5b0c122') in 0.0136113 seconds
Number of updated asset objects reloaded before import = 0Number of asset objects unloaded after import = 3

========================================================================
Received Import Request.
  Time since last request: 0.000026 seconds.
  path: Assets/Art/Button UI/Classic_RPG_GUI/Photoshop/Lvl_up_bar.psd
  artifactKey: Guid(650cae30d1c653742a5f31b64f2560e4) Importer(815301076,1909f56bfc062723c751e8b465ee728b)
Start importing Assets/Art/Button UI/Classic_RPG_GUI/Photoshop/Lvl_up_bar.psd using Guid(650cae30d1c653742a5f31b64f2560e4) Importer(815301076,1909f56bfc062723c751e8b465ee728b) (PreviewImporter) -> (artifact id: '6274b9c30dffb5077dd105b6011f7b35') in 0.0153861 seconds
Number of updated asset objects reloaded before import = 0Number of asset objects unloaded after import = 3

========================================================================
Received Import Request.
  Time since last request: 0.000051 seconds.
  path: Assets/Art/Button UI/Classic_RPG_GUI/Parts/long_frame_loading.png
  artifactKey: Guid(2b47cf25ea308f447ac6dd0fb53ee4d0) Importer(815301076,1909f56bfc062723c751e8b465ee728b)
Start importing Assets/Art/Button UI/Classic_RPG_GUI/Parts/long_frame_loading.png using Guid(2b47cf25ea308f447ac6dd0fb53ee4d0) Importer(815301076,1909f56bfc062723c751e8b465ee728b) (PreviewImporter) -> (artifact id: '737252b59f4d5f775cee0a53150053fb') in 0.0159622 seconds
Number of updated asset objects reloaded before import = 0Number of asset objects unloaded after import = 3

========================================================================
Received Import Request.
  Time since last request: 0.000027 seconds.
  path: Assets/Art/Button UI/Classic_RPG_GUI/Parts/long_button_on.png
  artifactKey: Guid(263f73c3a15560c4198ae6f16cd1df94) Importer(815301076,1909f56bfc062723c751e8b465ee728b)
Start importing Assets/Art/Button UI/Classic_RPG_GUI/Parts/long_button_on.png using Guid(263f73c3a15560c4198ae6f16cd1df94) Importer(815301076,1909f56bfc062723c751e8b465ee728b) (PreviewImporter) -> (artifact id: 'c5e091b02247bf53a3023973d1f5ccd4') in 0.0168543 seconds
Number of updated asset objects reloaded before import = 0Number of asset objects unloaded after import = 3

========================================================================
Received Import Request.
  Time since last request: 0.000056 seconds.
  path: Assets/Art/Button UI/Classic_RPG_GUI/update/Frame_grey.png
  artifactKey: Guid(6c39ec4ab56557f4f88b2a70df26d20c) Importer(815301076,1909f56bfc062723c751e8b465ee728b)
Start importing Assets/Art/Button UI/Classic_RPG_GUI/update/Frame_grey.png using Guid(6c39ec4ab56557f4f88b2a70df26d20c) Importer(815301076,1909f56bfc062723c751e8b465ee728b) (PreviewImporter) -> (artifact id: '26e03395c86a3a9128b0c9902063befa') in 0.019003 seconds
Number of updated asset objects reloaded before import = 0Number of asset objects unloaded after import = 3

========================================================================
Received Import Request.
  Time since last request: 0.000043 seconds.
  path: Assets/Art/Characters/Enemies/Enemy Galore 1 - Pixel Art/Sprites/Rat/Rat_Full_FX.png
  artifactKey: Guid(644b5e0fc2845cd42961d91d1151e072) Importer(815301076,1909f56bfc062723c751e8b465ee728b)
Start importing Assets/Art/Characters/Enemies/Enemy Galore 1 - Pixel Art/Sprites/Rat/Rat_Full_FX.png using Guid(644b5e0fc2845cd42961d91d1151e072) Importer(815301076,1909f56bfc062723c751e8b465ee728b) (PreviewImporter) -> (artifact id: '8c89d444bb030a57304af13d6244b5df') in 0.1164451 seconds
Number of updated asset objects reloaded before import = 0Number of asset objects unloaded after import = 37

========================================================================
Received Import Request.
  Time since last request: 0.000032 seconds.
  path: Assets/Art/Button UI/Classic_RPG_GUI/Silhouette/Mage_silhouette_woman.png
  artifactKey: Guid(b1853ab6b497f7b498a5f80109a2ea1d) Importer(815301076,1909f56bfc062723c751e8b465ee728b)
Start importing Assets/Art/Button UI/Classic_RPG_GUI/Silhouette/Mage_silhouette_woman.png using Guid(b1853ab6b497f7b498a5f80109a2ea1d) Importer(815301076,1909f56bfc062723c751e8b465ee728b) (PreviewImporter) -> (artifact id: 'be02a4fa489b64f4812eda9209579811') in 0.0177794 seconds
Number of updated asset objects reloaded before import = 0Number of asset objects unloaded after import = 3

========================================================================
Received Import Request.
  Time since last request: 0.000071 seconds.
  path: Assets/Art/Weapons/Pixel Art Icon Pack - RPG/Texture/Food/Garlic.png
  artifactKey: Guid(6a635b920089d5a49960715e89d2d198) Importer(815301076,1909f56bfc062723c751e8b465ee728b)
Start importing Assets/Art/Weapons/Pixel Art Icon Pack - RPG/Texture/Food/Garlic.png using Guid(6a635b920089d5a49960715e89d2d198) Importer(815301076,1909f56bfc062723c751e8b465ee728b) (PreviewImporter) -> (artifact id: '5264da04716cbf5a604c1a26708e094c') in 0.0114973 seconds
Number of updated asset objects reloaded before import = 0Number of asset objects unloaded after import = 3

========================================================================
Received Import Request.
  Time since last request: 0.000043 seconds.
  path: Assets/Art/Characters/Player Classes/Pixel Heroes Pack/Sprites/Alchemist/Alchemist_Attack_Blue.png
  artifactKey: Guid(5dbbd458348582a4a9c93aedd546b37b) Importer(815301076,1909f56bfc062723c751e8b465ee728b)
Start importing Assets/Art/Characters/Player Classes/Pixel Heroes Pack/Sprites/Alchemist/Alchemist_Attack_Blue.png using Guid(5dbbd458348582a4a9c93aedd546b37b) Importer(815301076,1909f56bfc062723c751e8b465ee728b) (PreviewImporter) -> (artifact id: '1004bb2bd7c4e2b765ff110babfbf439') in 0.0587659 seconds
Number of updated asset objects reloaded before import = 0Number of asset objects unloaded after import = 22

========================================================================
Received Import Request.
  Time since last request: 0.000018 seconds.
  path: Assets/Art/Button UI/Classic_RPG_GUI/Parts/long_line2_elite.png
  artifactKey: Guid(0deda20b838acaa48b6650983ed472f4) Importer(815301076,1909f56bfc062723c751e8b465ee728b)
Start importing Assets/Art/Button UI/Classic_RPG_GUI/Parts/long_line2_elite.png using Guid(0deda20b838acaa48b6650983ed472f4) Importer(815301076,1909f56bfc062723c751e8b465ee728b) (PreviewImporter) -> (artifact id: 'd2fb244e67ceacb232c0c40f537712b1') in 0.0099874 seconds
Number of updated asset objects reloaded before import = 0Number of asset objects unloaded after import = 3

========================================================================
Received Import Request.
  Time since last request: 0.000019 seconds.
  path: Assets/Art/Button UI/Classic_RPG_GUI/Parts/long_line2.png
  artifactKey: Guid(41d630fe463be704497e95f8c99c8034) Importer(815301076,1909f56bfc062723c751e8b465ee728b)
Start importing Assets/Art/Button UI/Classic_RPG_GUI/Parts/long_line2.png using Guid(41d630fe463be704497e95f8c99c8034) Importer(815301076,1909f56bfc062723c751e8b465ee728b) (PreviewImporter) -> (artifact id: '7a033f3f41d1ecc60f202c67536a56a9') in 0.0136184 seconds
Number of updated asset objects reloaded before import = 0Number of asset objects unloaded after import = 3

========================================================================
Received Import Request.
  Time since last request: 0.000021 seconds.
  path: Assets/Resources/Sprites/Weapons/FireWall.png
  artifactKey: Guid(8360867ab5ddaa645b5399bed98e2867) Importer(815301076,1909f56bfc062723c751e8b465ee728b)
Start importing Assets/Resources/Sprites/Weapons/FireWall.png using Guid(8360867ab5ddaa645b5399bed98e2867) Importer(815301076,1909f56bfc062723c751e8b465ee728b) (PreviewImporter) -> (artifact id: 'dba973af4685f7bece44877f4a3eadc1') in 0.0102705 seconds
Number of updated asset objects reloaded before import = 0Number of asset objects unloaded after import = 3

========================================================================
Received Import Request.
  Time since last request: 0.000031 seconds.
  path: Assets/Art/Characters/Player Classes/Pixel Heroes Pack/Sprites/Blademaster/Blademaster_Death.png
  artifactKey: Guid(7c953eacead6aa042a5de5b1cc469d3b) Importer(815301076,1909f56bfc062723c751e8b465ee728b)
Start importing Assets/Art/Characters/Player Classes/Pixel Heroes Pack/Sprites/Blademaster/Blademaster_Death.png using Guid(7c953eacead6aa042a5de5b1cc469d3b) Importer(815301076,1909f56bfc062723c751e8b465ee728b) (PreviewImporter) -> (artifact id: '76005c92a34ff46849d28dd7082d3dd5') in 0.0328638 seconds
Number of updated asset objects reloaded before import = 0Number of asset objects unloaded after import = 11

========================================================================
Received Import Request.
  Time since last request: 0.000024 seconds.
  path: Assets/Art/Characters/Player Classes/Pixel Heroes Pack/Sprites/Blademaster/Blademaster_Attack.png
  artifactKey: Guid(e23ba01c70fb8ec4fae482b1178d5ed8) Importer(815301076,1909f56bfc062723c751e8b465ee728b)
Start importing Assets/Art/Characters/Player Classes/Pixel Heroes Pack/Sprites/Blademaster/Blademaster_Attack.png using Guid(e23ba01c70fb8ec4fae482b1178d5ed8) Importer(815301076,1909f56bfc062723c751e8b465ee728b) (PreviewImporter) -> (artifact id: 'f2ead5eb1e83e8ac646fa16efa26d920') in 0.0422681 seconds
Number of updated asset objects reloaded before import = 0Number of asset objects unloaded after import = 17

========================================================================
Received Import Request.
  Time since last request: 0.000017 seconds.
  path: Assets/Art/Button UI/Classic_RPG_GUI/Silhouette/Mage_silhouette_man.png
  artifactKey: Guid(ba4ac0fdde716494890d253465921177) Importer(815301076,1909f56bfc062723c751e8b465ee728b)
Start importing Assets/Art/Button UI/Classic_RPG_GUI/Silhouette/Mage_silhouette_man.png using Guid(ba4ac0fdde716494890d253465921177) Importer(815301076,1909f56bfc062723c751e8b465ee728b) (PreviewImporter) -> (artifact id: '38afa164f9648b5ae13dd2818d0f170a') in 0.0135784 seconds
Number of updated asset objects reloaded before import = 0Number of asset objects unloaded after import = 3

========================================================================
Received Import Request.
  Time since last request: 0.000020 seconds.
  path: Assets/Art/Weapons/Pixel Art Icon Pack - RPG/Texture/Food/Fish Steak.png
  artifactKey: Guid(adf92f5459022124193e381473dbcce6) Importer(815301076,1909f56bfc062723c751e8b465ee728b)
Start importing Assets/Art/Weapons/Pixel Art Icon Pack - RPG/Texture/Food/Fish Steak.png using Guid(adf92f5459022124193e381473dbcce6) Importer(815301076,1909f56bfc062723c751e8b465ee728b) (PreviewImporter) -> (artifact id: '22f20d7d4f175c5ce19b240086dfa752') in 0.0080787 seconds
Number of updated asset objects reloaded before import = 0Number of asset objects unloaded after import = 3

========================================================================
Received Import Request.
  Time since last request: 0.000031 seconds.
  path: Assets/Art/Button UI/Classic_RPG_GUI/Parts/long_button_off.png
  artifactKey: Guid(202bea269bc20dd42904dca9a0896418) Importer(815301076,1909f56bfc062723c751e8b465ee728b)
Start importing Assets/Art/Button UI/Classic_RPG_GUI/Parts/long_button_off.png using Guid(202bea269bc20dd42904dca9a0896418) Importer(815301076,1909f56bfc062723c751e8b465ee728b) (PreviewImporter) -> (artifact id: '29f99cbc42f83401b8f6d81153aa6d2f') in 0.0077204 seconds
Number of updated asset objects reloaded before import = 0Number of asset objects unloaded after import = 3

========================================================================
Received Import Request.
  Time since last request: 0.000045 seconds.
  path: Assets/Art/Weapons/Pixel Art Icon Pack - RPG/Texture/Material/Wool.png
  artifactKey: Guid(046f821c76a004e4c91b9f27ee906194) Importer(815301076,1909f56bfc062723c751e8b465ee728b)
Start importing Assets/Art/Weapons/Pixel Art Icon Pack - RPG/Texture/Material/Wool.png using Guid(046f821c76a004e4c91b9f27ee906194) Importer(815301076,1909f56bfc062723c751e8b465ee728b) (PreviewImporter) -> (artifact id: 'eaf2bb9ac778c463e2bebbe916af9130') in 0.0068476 seconds
Number of updated asset objects reloaded before import = 0Number of asset objects unloaded after import = 3

Editor requested this worker to shutdown with reason: Scaling down because of idle timeout
AssetImportWorker is now disconnected from the server
Process exiting
Exiting without the bug reporter. Application will terminate with return code 0