Using pre-set license
Built from '6000.0/staging' branch; Version is '6000.0.24f1 (11fa355cd605) revision 1178165'; Using compiler version '193933523'; Build Type 'Release'
OS: 'Windows 11  (10.0.26200) 64bit Core' Language: 'en' Physical Memory: 65395 MB
BatchMode: 1, IsHumanControllingUs: 0, StartBugReporterOnCrash: 0, Is64bit: 1, IsPro: 1

COMMAND LINE ARGUMENTS:
C:\Program Files\Unity\Hub\Editor\6000.0.24f1\Editor\Unity.exe
-adb2
-batchMode
-noUpm
-name
AssetImportWorker8
-projectPath
C:/Users/User/Desktop/SIT/Github Desktop/CT900-SCH/GitHub-HLC1/HL_CH1_TW
-logFile
Logs/AssetImportWorker8.log
-srvPort
58941
-job-worker-count
9
-background-job-worker-count
8
-asset-garbage-collectors
1
Successfully changed project path to: C:/Users/User/Desktop/SIT/Github Desktop/CT900-SCH/GitHub-HLC1/HL_CH1_TW
C:/Users/User/Desktop/SIT/Github Desktop/CT900-SCH/GitHub-HLC1/HL_CH1_TW
[UnityMemory] Configuration Parameters - Can be set up in boot.config
    "memorysetup-bucket-allocator-granularity=16"
    "memorysetup-bucket-allocator-bucket-count=8"
    "memorysetup-bucket-allocator-block-size=33554432"
    "memorysetup-bucket-allocator-block-count=8"
    "memorysetup-main-allocator-block-size=16777216"
    "memorysetup-thread-allocator-block-size=16777216"
    "memorysetup-gfx-main-allocator-block-size=16777216"
    "memorysetup-gfx-thread-allocator-block-size=16777216"
    "memorysetup-cache-allocator-block-size=4194304"
    "memorysetup-typetree-allocator-block-size=2097152"
    "memorysetup-profiler-bucket-allocator-granularity=16"
    "memorysetup-profiler-bucket-allocator-bucket-count=8"
    "memorysetup-profiler-bucket-allocator-block-size=33554432"
    "memorysetup-profiler-bucket-allocator-block-count=8"
    "memorysetup-profiler-allocator-block-size=16777216"
    "memorysetup-profiler-editor-allocator-block-size=1048576"
    "memorysetup-temp-allocator-size-main=16777216"
    "memorysetup-job-temp-allocator-block-size=2097152"
    "memorysetup-job-temp-allocator-block-size-background=1048576"
    "memorysetup-job-temp-allocator-reduction-small-platforms=262144"
    "memorysetup-allocator-temp-initial-block-size-main=262144"
    "memorysetup-allocator-temp-initial-block-size-worker=262144"
    "memorysetup-temp-allocator-size-background-worker=32768"
    "memorysetup-temp-allocator-size-job-worker=262144"
    "memorysetup-temp-allocator-size-preload-manager=33554432"
    "memorysetup-temp-allocator-size-nav-mesh-worker=65536"
    "memorysetup-temp-allocator-size-audio-worker=65536"
    "memorysetup-temp-allocator-size-cloud-worker=32768"
    "memorysetup-temp-allocator-size-gi-baking-worker=262144"
    "memorysetup-temp-allocator-size-gi-baking-worker=262144"
    "memorysetup-temp-allocator-size-gi-baking-worker=262144"
    "memorysetup-temp-allocator-size-gi-baking-worker=262144"
    "memorysetup-temp-allocator-size-gi-baking-worker=262144"
    "memorysetup-temp-allocator-size-gfx=262144"
Player connection [33964]  Target information:

Player connection [33964]  * "[IP] 192.168.18.191 [Port] 0 [Flags] 2 [Guid] 484773646 [EditorId] 484773646 [Version] 1048832 [Id] WindowsEditor(7,DESKTOP-ASE2N49) [Debug] 1 [PackageName] WindowsEditor [ProjectName] Editor" 

Player connection [33964] Host joined multi-casting on [225.0.0.222:54997]...
Player connection [33964] Host joined alternative multi-casting on [225.0.0.222:34997]...
JobSystem: Creating JobQueue using job-worker-count value 9
[Physics::Module] Initialized fallback backend.
[Physics::Module] Id: 0xdecafbad
Library Redirect Path: Library/
[Physics::Module] Selected backend.
[Physics::Module] Name: PhysX
[Physics::Module] Id: 0xf2b8ea05
[Physics::Module] SDK Version: 4.1.2
[Physics::Module] Integration Version: 1.0.0
[Physics::Module] Threading Mode: Multi-Threaded
Refreshing native plugins compatible for Editor in 2.99 ms, found 8 plugins.
Preloading 0 native plugins for Editor in 0.00 ms.
Initialize engine version: 6000.0.24f1 (11fa355cd605)
[Subsystems] Discovering subsystems at path C:/Program Files/Unity/Hub/Editor/6000.0.24f1/Editor/Data/Resources/UnitySubsystems
[Subsystems] Discovering subsystems at path C:/Users/User/Desktop/SIT/Github Desktop/CT900-SCH/GitHub-HLC1/HL_CH1_TW/Assets
GfxDevice: creating device client; kGfxThreadingModeNonThreaded
Direct3D:
    Version:  Direct3D 11.0 [level 11.1]
    Renderer: NVIDIA GeForce RTX 3060 (ID=0x2504)
    Vendor:   NVIDIA
    VRAM:     12115 MB
    Driver:   32.0.15.9186
Initialize mono
Mono path[0] = 'C:/Program Files/Unity/Hub/Editor/6000.0.24f1/Editor/Data/Managed'
Mono path[1] = 'C:/Program Files/Unity/Hub/Editor/6000.0.24f1/Editor/Data/MonoBleedingEdge/lib/mono/unityjit-win32'
Mono config path = 'C:/Program Files/Unity/Hub/Editor/6000.0.24f1/Editor/Data/MonoBleedingEdge/etc'
Using monoOptions --debugger-agent=transport=dt_socket,embedding=1,server=y,suspend=n,address=127.0.0.1:56972
Begin MonoManager ReloadAssembly
Registering precompiled unity dll's ...
Register platform support module: C:/Program Files/Unity/Hub/Editor/6000.0.24f1/Editor/Data/PlaybackEngines/WindowsStandaloneSupport/UnityEditor.WindowsStandalone.Extensions.dll
Register platform support module: C:/Program Files/Unity/Hub/Editor/6000.0.24f1/Editor/Data/PlaybackEngines/AndroidPlayer/UnityEditor.Android.Extensions.dll
Registered in 0.003360 seconds.
- Loaded All Assemblies, in  0.305 seconds
Native extension for Android target not found
Android Extension - Scanning For ADB Devices 197 ms
Native extension for WindowsStandalone target not found
Mono: successfully reloaded assembly
- Finished resetting the current domain, in  0.535 seconds
Domain Reload Profiling: 839ms
	BeginReloadAssembly (103ms)
		ExecutionOrderSort (0ms)
		DisableScriptedObjects (0ms)
		BackupInstance (0ms)
		ReleaseScriptingObjects (0ms)
		CreateAndSetChildDomain (1ms)
	RebuildCommonClasses (27ms)
	RebuildNativeTypeToScriptingClass (9ms)
	initialDomainReloadingComplete (40ms)
	LoadAllAssembliesAndSetupDomain (124ms)
		LoadAssemblies (102ms)
		RebuildTransferFunctionScriptingTraits (0ms)
		AnalyzeDomain (121ms)
			TypeCache.Refresh (120ms)
				TypeCache.ScanAssembly (110ms)
			BuildScriptInfoCaches (0ms)
			ResolveRequiredComponents (0ms)
	FinalizeReload (536ms)
		ReleaseScriptCaches (0ms)
		RebuildScriptCaches (0ms)
		SetupLoadedEditorAssemblies (501ms)
			LogAssemblyErrors (0ms)
			InitializePlatformSupportModulesInManaged (264ms)
			SetLoadedEditorAssemblies (4ms)
			BeforeProcessingInitializeOnLoad (4ms)
			ProcessInitializeOnLoadAttributes (136ms)
			ProcessInitializeOnLoadMethodAttributes (80ms)
			AfterProcessingInitializeOnLoad (13ms)
			EditorAssembliesLoaded (0ms)
		ExecutionOrderSort2 (0ms)
		AwakeInstancesAfterBackupRestoration (0ms)
========================================================================
Worker process is ready to serve import requests
Import Worker Mode flag is 0x00
Begin MonoManager ReloadAssembly
- Loaded All Assemblies, in  0.813 seconds
Refreshing native plugins compatible for Editor in 1.65 ms, found 8 plugins.
Native extension for Android target not found
Native extension for WindowsStandalone target not found
Mono: successfully reloaded assembly
- Finished resetting the current domain, in  0.671 seconds
Domain Reload Profiling: 1481ms
	BeginReloadAssembly (294ms)
		ExecutionOrderSort (0ms)
		DisableScriptedObjects (6ms)
		BackupInstance (0ms)
		ReleaseScriptingObjects (0ms)
		CreateAndSetChildDomain (26ms)
	RebuildCommonClasses (31ms)
	RebuildNativeTypeToScriptingClass (8ms)
	initialDomainReloadingComplete (34ms)
	LoadAllAssembliesAndSetupDomain (442ms)
		LoadAssemblies (315ms)
		RebuildTransferFunctionScriptingTraits (0ms)
		AnalyzeDomain (207ms)
			TypeCache.Refresh (146ms)
				TypeCache.ScanAssembly (130ms)
			BuildScriptInfoCaches (52ms)
			ResolveRequiredComponents (6ms)
	FinalizeReload (672ms)
		ReleaseScriptCaches (0ms)
		RebuildScriptCaches (0ms)
		SetupLoadedEditorAssemblies (502ms)
			LogAssemblyErrors (0ms)
			InitializePlatformSupportModulesInManaged (9ms)
			SetLoadedEditorAssemblies (6ms)
			BeforeProcessingInitializeOnLoad (95ms)
			ProcessInitializeOnLoadAttributes (353ms)
			ProcessInitializeOnLoadMethodAttributes (33ms)
			AfterProcessingInitializeOnLoad (6ms)
			EditorAssembliesLoaded (0ms)
		ExecutionOrderSort2 (0ms)
		AwakeInstancesAfterBackupRestoration (5ms)
Launched and connected shader compiler UnityShaderCompiler.exe after 0.01 seconds
Refreshing native plugins compatible for Editor in 2.63 ms, found 8 plugins.
Preloading 0 native plugins for Editor in 0.00 ms.
Unloading 38 Unused Serialized files (Serialized files now loaded: 0)
Unloading 4790 unused Assets / (1.7 MB). Loaded Objects now: 5392.
Memory consumption went from 128.3 MB to 126.6 MB.
Total: 7.781700 ms (FindLiveObjects: 0.693000 ms CreateObjectMapping: 0.553400 ms MarkObjects: 5.260500 ms  DeleteObjects: 1.273500 ms)

========================================================================
Received Import Request.
  Time since last request: 330818.657281 seconds.
  path: Assets/Unity Asset Store/UI/Classic_RPG_GUI/Parts/Thin_frame.png
  artifactKey: Guid(95d2337b5b6eac341912623068950715) Importer(815301076,1909f56bfc062723c751e8b465ee728b)
Start importing Assets/Unity Asset Store/UI/Classic_RPG_GUI/Parts/Thin_frame.png using Guid(95d2337b5b6eac341912623068950715) Importer(815301076,1909f56bfc062723c751e8b465ee728b) (PreviewImporter) -> (artifact id: 'fb3264a9495841ece79aab3a76b1595f') in 0.0741514 seconds
Number of updated asset objects reloaded before import = 0Number of asset objects unloaded after import = 3

========================================================================
Received Import Request.
  Time since last request: 0.141020 seconds.
  path: Assets/Unity Asset Store/UI/Pixel Art Icon Pack - RPG/Texture/Material/String.png
  artifactKey: Guid(90192622496cded43ac060f5e25e20e8) Importer(815301076,1909f56bfc062723c751e8b465ee728b)
Start importing Assets/Unity Asset Store/UI/Pixel Art Icon Pack - RPG/Texture/Material/String.png using Guid(90192622496cded43ac060f5e25e20e8) Importer(815301076,1909f56bfc062723c751e8b465ee728b) (PreviewImporter) -> (artifact id: '57ace074cfd5da8845de528a0d8d5593') in 0.0076313 seconds
Number of updated asset objects reloaded before import = 0Number of asset objects unloaded after import = 3

========================================================================
Received Import Request.
  Time since last request: 0.092001 seconds.
  path: Assets/Art/Characters/Player Classes/Pixel Heroes Pack/Sprites/Storm Mage/StormMage_AttackNoEffect.png
  artifactKey: Guid(2aa29d0cf2c5bfa40a6c81c12b0af7c5) Importer(815301076,1909f56bfc062723c751e8b465ee728b)
Start importing Assets/Art/Characters/Player Classes/Pixel Heroes Pack/Sprites/Storm Mage/StormMage_AttackNoEffect.png using Guid(2aa29d0cf2c5bfa40a6c81c12b0af7c5) Importer(815301076,1909f56bfc062723c751e8b465ee728b) (PreviewImporter) -> (artifact id: 'd9a51fb199798836fe7a9ff1b03d049f') in 0.0479669 seconds
Number of updated asset objects reloaded before import = 0Number of asset objects unloaded after import = 20

========================================================================
Received Import Request.
  Time since last request: 0.044058 seconds.
  path: Assets/Art/Characters/Player Classes/Pixel Heroes Pack/Sprites/Storm Mage/StormMage_Attack.png
  artifactKey: Guid(c3bcfe38fa7b95443b7f87baafe9863a) Importer(815301076,1909f56bfc062723c751e8b465ee728b)
Start importing Assets/Art/Characters/Player Classes/Pixel Heroes Pack/Sprites/Storm Mage/StormMage_Attack.png using Guid(c3bcfe38fa7b95443b7f87baafe9863a) Importer(815301076,1909f56bfc062723c751e8b465ee728b) (PreviewImporter) -> (artifact id: '5a7df49949ff16677d628954f78c4f44') in 0.0417541 seconds
Number of updated asset objects reloaded before import = 0Number of asset objects unloaded after import = 20

========================================================================
Received Import Request.
  Time since last request: 5.952718 seconds.
  path: Assets/Art/Characters/Enemies/Enemy Galore 1 - Pixel Art/Sprites/Spiked Slime/Slime_Spiked_Full.png
  artifactKey: Guid(ea66931b963ce0c43ac4a901a9bd2e62) Importer(815301076,1909f56bfc062723c751e8b465ee728b)
Start importing Assets/Art/Characters/Enemies/Enemy Galore 1 - Pixel Art/Sprites/Spiked Slime/Slime_Spiked_Full.png using Guid(ea66931b963ce0c43ac4a901a9bd2e62) Importer(815301076,1909f56bfc062723c751e8b465ee728b) (PreviewImporter) -> (artifact id: '13a6ec1531d0bb9a70d559f24f26f371') in 0.0980458 seconds
Number of updated asset objects reloaded before import = 0Number of asset objects unloaded after import = 29

========================================================================
Received Import Request.
  Time since last request: 0.089097 seconds.
  path: Assets/Art/Characters/Enemies/Enemy Galore 1 - Pixel Art/Sprites/Spiked Slime/Slime_Spiked_Death.png
  artifactKey: Guid(3cb946402d415fe43999271253e984e0) Importer(815301076,1909f56bfc062723c751e8b465ee728b)
Start importing Assets/Art/Characters/Enemies/Enemy Galore 1 - Pixel Art/Sprites/Spiked Slime/Slime_Spiked_Death.png using Guid(3cb946402d415fe43999271253e984e0) Importer(815301076,1909f56bfc062723c751e8b465ee728b) (PreviewImporter) -> (artifact id: 'afb77bb1b5963543686ca7be9092230b') in 0.0106244 seconds
Number of updated asset objects reloaded before import = 0Number of asset objects unloaded after import = 8

========================================================================
Received Import Request.
  Time since last request: 0.043192 seconds.
  path: Assets/Unity Asset Store/UI/Pixel Art Icon Pack - RPG/Texture/Monster Part/Slime Gel.png
  artifactKey: Guid(d1f94eb541d98c94c9e0a776707e9c7c) Importer(815301076,1909f56bfc062723c751e8b465ee728b)
Start importing Assets/Unity Asset Store/UI/Pixel Art Icon Pack - RPG/Texture/Monster Part/Slime Gel.png using Guid(d1f94eb541d98c94c9e0a776707e9c7c) Importer(815301076,1909f56bfc062723c751e8b465ee728b) (PreviewImporter) -> (artifact id: 'b2711c2ef02a7321e831bf9117b6c572') in 0.0058196 seconds
Number of updated asset objects reloaded before import = 0Number of asset objects unloaded after import = 3

========================================================================
Received Import Request.
  Time since last request: 5.272214 seconds.
  path: Assets/Unity Asset Store/UI/kenney_game-icons/PNG/Black/2x/share2.png
  artifactKey: Guid(6fc7e6f541158db488ec62a707bbd70a) Importer(815301076,1909f56bfc062723c751e8b465ee728b)
Start importing Assets/Unity Asset Store/UI/kenney_game-icons/PNG/Black/2x/share2.png using Guid(6fc7e6f541158db488ec62a707bbd70a) Importer(815301076,1909f56bfc062723c751e8b465ee728b) (PreviewImporter) -> (artifact id: '7c0ce35a3e508b5360373f07c53e80e8') in 0.0124901 seconds
Number of updated asset objects reloaded before import = 0Number of asset objects unloaded after import = 3

========================================================================
Received Import Request.
  Time since last request: 0.087398 seconds.
  path: Assets/Unity Asset Store/UI/Classic_RPG_GUI/Silhouette/shadowmage_silhouette_woman.png
  artifactKey: Guid(473c87062d2b7c64a8f3f9e829f04ba6) Importer(815301076,1909f56bfc062723c751e8b465ee728b)
Start importing Assets/Unity Asset Store/UI/Classic_RPG_GUI/Silhouette/shadowmage_silhouette_woman.png using Guid(473c87062d2b7c64a8f3f9e829f04ba6) Importer(815301076,1909f56bfc062723c751e8b465ee728b) (PreviewImporter) -> (artifact id: 'e025fce52a8ac0b778628f7bfcbebf0a') in 0.0145279 seconds
Number of updated asset objects reloaded before import = 0Number of asset objects unloaded after import = 3

========================================================================
Received Import Request.
  Time since last request: 14.022077 seconds.
  path: Assets/Unity Asset Store/UI/kenney_game-icons/PNG/Black/1x/barsHorizontal.png
  artifactKey: Guid(a33b7b66245436d44829c4c911333d4d) Importer(815301076,1909f56bfc062723c751e8b465ee728b)
Start importing Assets/Unity Asset Store/UI/kenney_game-icons/PNG/Black/1x/barsHorizontal.png using Guid(a33b7b66245436d44829c4c911333d4d) Importer(815301076,1909f56bfc062723c751e8b465ee728b) (PreviewImporter) -> (artifact id: 'c7aba23fb13a9a65f7398e6b67b8208e') in 0.0165944 seconds
Number of updated asset objects reloaded before import = 0Number of asset objects unloaded after import = 5

========================================================================
Received Import Request.
  Time since last request: 0.050368 seconds.
  path: Assets/Unity Asset Store/UI/kenney_game-icons/PNG/White/1x/barsHorizontal.png
  artifactKey: Guid(7a531b2f69765f041a6b1eee5837a9a3) Importer(815301076,1909f56bfc062723c751e8b465ee728b)
Start importing Assets/Unity Asset Store/UI/kenney_game-icons/PNG/White/1x/barsHorizontal.png using Guid(7a531b2f69765f041a6b1eee5837a9a3) Importer(815301076,1909f56bfc062723c751e8b465ee728b) (PreviewImporter) -> (artifact id: 'dc0877031af7091a6c2005e10445d24d') in 0.0125683 seconds
Number of updated asset objects reloaded before import = 0Number of asset objects unloaded after import = 5

========================================================================
Received Import Request.
  Time since last request: 6.284777 seconds.
  path: Assets/Unity Asset Store/UI/kenney_game-icons/PNG/White/1x/buttonL2.png
  artifactKey: Guid(419e2961a50e5e047b8542d3327038a9) Importer(815301076,1909f56bfc062723c751e8b465ee728b)
Start importing Assets/Unity Asset Store/UI/kenney_game-icons/PNG/White/1x/buttonL2.png using Guid(419e2961a50e5e047b8542d3327038a9) Importer(815301076,1909f56bfc062723c751e8b465ee728b) (PreviewImporter) -> (artifact id: 'faa1adb68092fbb16021a8ec8505a986') in 0.0185914 seconds
Number of updated asset objects reloaded before import = 0Number of asset objects unloaded after import = 3

========================================================================
Received Import Request.
  Time since last request: 0.000021 seconds.
  path: Assets/Unity Asset Store/UI/kenney_game-icons/PNG/White/1x/buttonR1.png
  artifactKey: Guid(6b8b3caaaea666947ac097bf12f08d09) Importer(815301076,1909f56bfc062723c751e8b465ee728b)
Start importing Assets/Unity Asset Store/UI/kenney_game-icons/PNG/White/1x/buttonR1.png using Guid(6b8b3caaaea666947ac097bf12f08d09) Importer(815301076,1909f56bfc062723c751e8b465ee728b) (PreviewImporter) -> (artifact id: '2babb7bb4c5075c4d4b0139395a4a5c3') in 0.0108433 seconds
Number of updated asset objects reloaded before import = 0Number of asset objects unloaded after import = 3

========================================================================
Received Import Request.
  Time since last request: 1.930221 seconds.
  path: Assets/Unity Asset Store/UI/kenney_game-icons/PNG/White/1x/down.png
  artifactKey: Guid(8ceb8485ec2520246973c3fa25143232) Importer(815301076,1909f56bfc062723c751e8b465ee728b)
Start importing Assets/Unity Asset Store/UI/kenney_game-icons/PNG/White/1x/down.png using Guid(8ceb8485ec2520246973c3fa25143232) Importer(815301076,1909f56bfc062723c751e8b465ee728b) (PreviewImporter) -> (artifact id: 'ae76e3df8be36a6d3e5cdb1b9c549e9c') in 0.0167589 seconds
Number of updated asset objects reloaded before import = 0Number of asset objects unloaded after import = 3

========================================================================
Received Import Request.
  Time since last request: 0.035034 seconds.
  path: Assets/Unity Asset Store/UI/kenney_game-icons/PNG/Black/2x/downLeft.png
  artifactKey: Guid(ea78d186551271f44bb8b57762722dfe) Importer(815301076,1909f56bfc062723c751e8b465ee728b)
Start importing Assets/Unity Asset Store/UI/kenney_game-icons/PNG/Black/2x/downLeft.png using Guid(ea78d186551271f44bb8b57762722dfe) Importer(815301076,1909f56bfc062723c751e8b465ee728b) (PreviewImporter) -> (artifact id: '70525d7060eec0a98010cccdd5f49494') in 0.0105024 seconds
Number of updated asset objects reloaded before import = 0Number of asset objects unloaded after import = 3

========================================================================
Received Import Request.
  Time since last request: 1.674983 seconds.
  path: Assets/Unity Asset Store/UI/Classic_RPG_GUI/Parts/energy_line.png
  artifactKey: Guid(327dba628dfbf684793d4ee4328db9d9) Importer(815301076,1909f56bfc062723c751e8b465ee728b)
Start importing Assets/Unity Asset Store/UI/Classic_RPG_GUI/Parts/energy_line.png using Guid(327dba628dfbf684793d4ee4328db9d9) Importer(815301076,1909f56bfc062723c751e8b465ee728b) (PreviewImporter) -> (artifact id: '4a603c4965e9c60b5c2db3524a21ad14') in 0.0107131 seconds
Number of updated asset objects reloaded before import = 0Number of asset objects unloaded after import = 3

========================================================================
Received Import Request.
  Time since last request: 0.037927 seconds.
  path: Assets/Unity Asset Store/UI/kenney_game-icons/PNG/Black/2x/exclamation.png
  artifactKey: Guid(4444fead76cbbc448926cf77e7db32ba) Importer(815301076,1909f56bfc062723c751e8b465ee728b)
Start importing Assets/Unity Asset Store/UI/kenney_game-icons/PNG/Black/2x/exclamation.png using Guid(4444fead76cbbc448926cf77e7db32ba) Importer(815301076,1909f56bfc062723c751e8b465ee728b) (PreviewImporter) -> (artifact id: '3e254c2b7acf39de054f5f463c052633') in 0.0132329 seconds
Number of updated asset objects reloaded before import = 0Number of asset objects unloaded after import = 4

========================================================================
Received Import Request.
  Time since last request: 0.027086 seconds.
  path: Assets/Unity Asset Store/UI/kenney_game-icons/PNG/White/1x/exitLeft.png
  artifactKey: Guid(b5e997401740c3744934823f38d2a172) Importer(815301076,1909f56bfc062723c751e8b465ee728b)
Start importing Assets/Unity Asset Store/UI/kenney_game-icons/PNG/White/1x/exitLeft.png using Guid(b5e997401740c3744934823f38d2a172) Importer(815301076,1909f56bfc062723c751e8b465ee728b) (PreviewImporter) -> (artifact id: '612afdc7cdb35e26bd69718d7602e1a6') in 0.0134516 seconds
Number of updated asset objects reloaded before import = 0Number of asset objects unloaded after import = 4

========================================================================
Received Import Request.
  Time since last request: 0.263563 seconds.
  path: Assets/Unity Asset Store/UI/kenney_game-icons/PNG/White/1x/exitRight.png
  artifactKey: Guid(4453b09c00ffd584791418c79ac4dc83) Importer(815301076,1909f56bfc062723c751e8b465ee728b)
Start importing Assets/Unity Asset Store/UI/kenney_game-icons/PNG/White/1x/exitRight.png using Guid(4453b09c00ffd584791418c79ac4dc83) Importer(815301076,1909f56bfc062723c751e8b465ee728b) (PreviewImporter) -> (artifact id: '7aab6c3494b5b1afe54055cded1f6068') in 0.0159923 seconds
Number of updated asset objects reloaded before import = 0Number of asset objects unloaded after import = 4

========================================================================
Received Import Request.
  Time since last request: 0.035990 seconds.
  path: Assets/Image/UI/UI_HealthBar/EXP_Bar_Design.png
  artifactKey: Guid(d92abfd882a60f04f91177e668c25716) Importer(815301076,1909f56bfc062723c751e8b465ee728b)
Start importing Assets/Image/UI/UI_HealthBar/EXP_Bar_Design.png using Guid(d92abfd882a60f04f91177e668c25716) Importer(815301076,1909f56bfc062723c751e8b465ee728b) (PreviewImporter) -> (artifact id: '46e7796bcbe353030091a0268ae5ba72') in 0.0132272 seconds
Number of updated asset objects reloaded before import = 0Number of asset objects unloaded after import = 3

========================================================================
Received Import Request.
  Time since last request: 0.000936 seconds.
  path: Assets/Unity Asset Store/UI/kenney_game-icons/PNG/White/1x/fastForward.png
  artifactKey: Guid(05ba1048c397c7c4caf832c4ec02fa70) Importer(815301076,1909f56bfc062723c751e8b465ee728b)
Start importing Assets/Unity Asset Store/UI/kenney_game-icons/PNG/White/1x/fastForward.png using Guid(05ba1048c397c7c4caf832c4ec02fa70) Importer(815301076,1909f56bfc062723c751e8b465ee728b) (PreviewImporter) -> (artifact id: '51c39f63b1a22c5761a83bb333341e67') in 0.0075524 seconds
Number of updated asset objects reloaded before import = 0Number of asset objects unloaded after import = 3

========================================================================
Received Import Request.
  Time since last request: 0.000017 seconds.
  path: Assets/Art/Characters/Player Classes/Pixel Heroes Pack/Sprites/Effects/Fireball.png
  artifactKey: Guid(7edd2d79b8f02cd408e17cbfbf435b00) Importer(815301076,1909f56bfc062723c751e8b465ee728b)
Start importing Assets/Art/Characters/Player Classes/Pixel Heroes Pack/Sprites/Effects/Fireball.png using Guid(7edd2d79b8f02cd408e17cbfbf435b00) Importer(815301076,1909f56bfc062723c751e8b465ee728b) (PreviewImporter) -> (artifact id: '33e7b77dda2e0729134ec30028ab953b') in 0.0232038 seconds
Number of updated asset objects reloaded before import = 0Number of asset objects unloaded after import = 7

========================================================================
Received Import Request.
  Time since last request: 0.321043 seconds.
  path: Assets/Resources/Sprites/Weapons/FireBall.png
  artifactKey: Guid(489375abe3b14e149b1428979437d145) Importer(815301076,1909f56bfc062723c751e8b465ee728b)
Start importing Assets/Resources/Sprites/Weapons/FireBall.png using Guid(489375abe3b14e149b1428979437d145) Importer(815301076,1909f56bfc062723c751e8b465ee728b) (PreviewImporter) -> (artifact id: '195815f25370c6708a16ac00737178b7') in 0.008298 seconds
Number of updated asset objects reloaded before import = 0Number of asset objects unloaded after import = 3

========================================================================
Received Import Request.
  Time since last request: 1.488246 seconds.
  path: Assets/Art/Characters/Player Classes/Pixel Heroes Pack/Sprites/Fire Mage/Firemage_Attack.png
  artifactKey: Guid(efbf44a85cc108b4bb9dcc6bf38bb788) Importer(815301076,1909f56bfc062723c751e8b465ee728b)
Start importing Assets/Art/Characters/Player Classes/Pixel Heroes Pack/Sprites/Fire Mage/Firemage_Attack.png using Guid(efbf44a85cc108b4bb9dcc6bf38bb788) Importer(815301076,1909f56bfc062723c751e8b465ee728b) (PreviewImporter) -> (artifact id: 'e33341983f41dc5bb47861137ccb19f8') in 0.1137476 seconds
Number of updated asset objects reloaded before import = 0Number of asset objects unloaded after import = 20

========================================================================
Received Import Request.
  Time since last request: 0.053433 seconds.
  path: Assets/Unity Asset Store/UI/Pixel Art Icon Pack - RPG/Texture/Food/Fish Steak.png
  artifactKey: Guid(adf92f5459022124193e381473dbcce6) Importer(815301076,1909f56bfc062723c751e8b465ee728b)
Start importing Assets/Unity Asset Store/UI/Pixel Art Icon Pack - RPG/Texture/Food/Fish Steak.png using Guid(adf92f5459022124193e381473dbcce6) Importer(815301076,1909f56bfc062723c751e8b465ee728b) (PreviewImporter) -> (artifact id: '22f20d7d4f175c5ce19b240086dfa752') in 0.0086241 seconds
Number of updated asset objects reloaded before import = 0Number of asset objects unloaded after import = 3

========================================================================
Received Import Request.
  Time since last request: 0.074508 seconds.
  path: Assets/Unity Asset Store/UI/Classic_RPG_GUI/update/Frame_grey.png
  artifactKey: Guid(6c39ec4ab56557f4f88b2a70df26d20c) Importer(815301076,1909f56bfc062723c751e8b465ee728b)
Start importing Assets/Unity Asset Store/UI/Classic_RPG_GUI/update/Frame_grey.png using Guid(6c39ec4ab56557f4f88b2a70df26d20c) Importer(815301076,1909f56bfc062723c751e8b465ee728b) (PreviewImporter) -> (artifact id: '26e03395c86a3a9128b0c9902063befa') in 0.0118852 seconds
Number of updated asset objects reloaded before import = 0Number of asset objects unloaded after import = 3

========================================================================
Received Import Request.
  Time since last request: 1.595320 seconds.
  path: Assets/Art/Characters/Enemies/Enemy Galore 1 - Pixel Art/Sprites/Reinforced Golem/Golem_Armor_ArmorBreak.png
  artifactKey: Guid(3ebca2643f7314a4b876187e664c9754) Importer(815301076,1909f56bfc062723c751e8b465ee728b)
Start importing Assets/Art/Characters/Enemies/Enemy Galore 1 - Pixel Art/Sprites/Reinforced Golem/Golem_Armor_ArmorBreak.png using Guid(3ebca2643f7314a4b876187e664c9754) Importer(815301076,1909f56bfc062723c751e8b465ee728b) (PreviewImporter) -> (artifact id: 'cb457ec1211c1f24f9d2ebb6718bd440') in 0.0130686 seconds
Number of updated asset objects reloaded before import = 0Number of asset objects unloaded after import = 7

========================================================================
Received Import Request.
  Time since last request: 0.052922 seconds.
  path: Assets/Art/Characters/Enemies/Enemy Galore 1 - Pixel Art/Sprites/Reinforced Golem/Golem_Armor_AttackA.png
  artifactKey: Guid(38d9e19709461bc47bd5b6e570f9e4ed) Importer(815301076,1909f56bfc062723c751e8b465ee728b)
Start importing Assets/Art/Characters/Enemies/Enemy Galore 1 - Pixel Art/Sprites/Reinforced Golem/Golem_Armor_AttackA.png using Guid(38d9e19709461bc47bd5b6e570f9e4ed) Importer(815301076,1909f56bfc062723c751e8b465ee728b) (PreviewImporter) -> (artifact id: 'ce5e6530592da26635e8d1bec1cf3a9b') in 0.0218709 seconds
Number of updated asset objects reloaded before import = 0Number of asset objects unloaded after import = 13

========================================================================
Received Import Request.
  Time since last request: 0.004974 seconds.
  path: Assets/Art/Characters/Enemies/Enemy Galore 1 - Pixel Art/Sprites/Reinforced Golem/Golem_Armor_AttackA_FX.png
  artifactKey: Guid(ce51cca48985eb6408b011ff739d5943) Importer(815301076,1909f56bfc062723c751e8b465ee728b)
Start importing Assets/Art/Characters/Enemies/Enemy Galore 1 - Pixel Art/Sprites/Reinforced Golem/Golem_Armor_AttackA_FX.png using Guid(ce51cca48985eb6408b011ff739d5943) Importer(815301076,1909f56bfc062723c751e8b465ee728b) (PreviewImporter) -> (artifact id: '4cb9aa0c0c04d8d02e8fc141fb55ce66') in 0.0190014 seconds
Number of updated asset objects reloaded before import = 0Number of asset objects unloaded after import = 11

========================================================================
Received Import Request.
  Time since last request: 1.925866 seconds.
  path: Assets/Art/Characters/Enemies/Enemy Galore 1 - Pixel Art/Sprites/Golem/Golem_Full_FX.png
  artifactKey: Guid(e5a4c6877f7a1d74aac8a9fc1620e166) Importer(815301076,1909f56bfc062723c751e8b465ee728b)
Start importing Assets/Art/Characters/Enemies/Enemy Galore 1 - Pixel Art/Sprites/Golem/Golem_Full_FX.png using Guid(e5a4c6877f7a1d74aac8a9fc1620e166) Importer(815301076,1909f56bfc062723c751e8b465ee728b) (PreviewImporter) -> (artifact id: '096391ad243dfe84aabc07843a3961e8') in 0.1075189 seconds
Number of updated asset objects reloaded before import = 0Number of asset objects unloaded after import = 84

========================================================================
Received Import Request.
  Time since last request: 0.070016 seconds.
  path: Assets/Art/Characters/Enemies/Enemy Galore 1 - Pixel Art/Sprites/Golem/Golem_HitA.png
  artifactKey: Guid(7dd2aa84cec85bf4a809b9f0a2a469e7) Importer(815301076,1909f56bfc062723c751e8b465ee728b)
Start importing Assets/Art/Characters/Enemies/Enemy Galore 1 - Pixel Art/Sprites/Golem/Golem_HitA.png using Guid(7dd2aa84cec85bf4a809b9f0a2a469e7) Importer(815301076,1909f56bfc062723c751e8b465ee728b) (PreviewImporter) -> (artifact id: '8823b33385ce80ca3350ad977800bf4e') in 0.012446 seconds
Number of updated asset objects reloaded before import = 0Number of asset objects unloaded after import = 7

========================================================================
Received Import Request.
  Time since last request: 0.067824 seconds.
  path: Assets/Art/Characters/Enemies/Enemy Galore 1 - Pixel Art/Sprites/Golem/Golem_IdleA.png
  artifactKey: Guid(6946cd59d8c7e234f851a23d8ce98454) Importer(815301076,1909f56bfc062723c751e8b465ee728b)
Start importing Assets/Art/Characters/Enemies/Enemy Galore 1 - Pixel Art/Sprites/Golem/Golem_IdleA.png using Guid(6946cd59d8c7e234f851a23d8ce98454) Importer(815301076,1909f56bfc062723c751e8b465ee728b) (PreviewImporter) -> (artifact id: 'b17b57d52d8261d028c00526cc94aecc') in 0.0140305 seconds
Number of updated asset objects reloaded before import = 0Number of asset objects unloaded after import = 6

========================================================================
Received Import Request.
  Time since last request: 0.028043 seconds.
  path: Assets/Art/Characters/Enemies/Enemy Galore 1 - Pixel Art/Sprites/Golem/Golem_Upgrade.png
  artifactKey: Guid(20df5f5471596254f99315fbac829d0f) Importer(815301076,1909f56bfc062723c751e8b465ee728b)
Start importing Assets/Art/Characters/Enemies/Enemy Galore 1 - Pixel Art/Sprites/Golem/Golem_Upgrade.png using Guid(20df5f5471596254f99315fbac829d0f) Importer(815301076,1909f56bfc062723c751e8b465ee728b) (PreviewImporter) -> (artifact id: '2ae2151da99965923698086351c249f0') in 0.0151011 seconds
Number of updated asset objects reloaded before import = 0Number of asset objects unloaded after import = 13

========================================================================
Received Import Request.
  Time since last request: 2.044663 seconds.
  path: Assets/Unity Asset Store/UI/kenney_game-icons/PNG/Black/2x/home.png
  artifactKey: Guid(bd0cb0de4f1e5804eb0f1b6f07cd8490) Importer(815301076,1909f56bfc062723c751e8b465ee728b)
Start importing Assets/Unity Asset Store/UI/kenney_game-icons/PNG/Black/2x/home.png using Guid(bd0cb0de4f1e5804eb0f1b6f07cd8490) Importer(815301076,1909f56bfc062723c751e8b465ee728b) (PreviewImporter) -> (artifact id: '89d4ff2d364c7739c4c10135544ae6a0') in 0.0085938 seconds
Number of updated asset objects reloaded before import = 0Number of asset objects unloaded after import = 3

========================================================================
Received Import Request.
  Time since last request: 0.006982 seconds.
  path: Assets/Unity Asset Store/UI/kenney_game-icons/PNG/Black/2x/import.png
  artifactKey: Guid(1e7719b8693cd344d8ad7b5047007b70) Importer(815301076,1909f56bfc062723c751e8b465ee728b)
Start importing Assets/Unity Asset Store/UI/kenney_game-icons/PNG/Black/2x/import.png using Guid(1e7719b8693cd344d8ad7b5047007b70) Importer(815301076,1909f56bfc062723c751e8b465ee728b) (PreviewImporter) -> (artifact id: '29422180a459e1c4e0b4de9fb862fb12') in 0.0103887 seconds
Number of updated asset objects reloaded before import = 0Number of asset objects unloaded after import = 4

========================================================================
Received Import Request.
  Time since last request: 0.000015 seconds.
  path: Assets/Unity Asset Store/UI/kenney_game-icons/PNG/Black/1x/information.png
  artifactKey: Guid(93b4ae529326d8a42bdbff8ec1be2b65) Importer(815301076,1909f56bfc062723c751e8b465ee728b)
Start importing Assets/Unity Asset Store/UI/kenney_game-icons/PNG/Black/1x/information.png using Guid(93b4ae529326d8a42bdbff8ec1be2b65) Importer(815301076,1909f56bfc062723c751e8b465ee728b) (PreviewImporter) -> (artifact id: '58583a5fd1d158f1a87b752937f6febc') in 0.0152514 seconds
Number of updated asset objects reloaded before import = 0Number of asset objects unloaded after import = 4

========================================================================
Received Import Request.
  Time since last request: 0.027284 seconds.
  path: Assets/Unity Asset Store/UI/kenney_game-icons/PNG/Black/2x/joystick.png
  artifactKey: Guid(20c6a17f25b464c4aac80bfb04872b28) Importer(815301076,1909f56bfc062723c751e8b465ee728b)
Start importing Assets/Unity Asset Store/UI/kenney_game-icons/PNG/Black/2x/joystick.png using Guid(20c6a17f25b464c4aac80bfb04872b28) Importer(815301076,1909f56bfc062723c751e8b465ee728b) (PreviewImporter) -> (artifact id: 'e6f0d91828a37e6960f868f4f37ef088') in 0.0071787 seconds
Number of updated asset objects reloaded before import = 0Number of asset objects unloaded after import = 3

========================================================================
Received Import Request.
  Time since last request: 0.027286 seconds.
  path: Assets/Unity Asset Store/UI/kenney_game-icons/PNG/Black/2x/joystickLeft.png
  artifactKey: Guid(945ca6441b0f6af4394d0d27d96e7494) Importer(815301076,1909f56bfc062723c751e8b465ee728b)
Start importing Assets/Unity Asset Store/UI/kenney_game-icons/PNG/Black/2x/joystickLeft.png using Guid(945ca6441b0f6af4394d0d27d96e7494) Importer(815301076,1909f56bfc062723c751e8b465ee728b) (PreviewImporter) -> (artifact id: '17485140c109f1c740f89fa276f5a545') in 0.0092026 seconds
Number of updated asset objects reloaded before import = 0Number of asset objects unloaded after import = 3

========================================================================
Received Import Request.
  Time since last request: 0.000017 seconds.
  path: Assets/Unity Asset Store/UI/kenney_game-icons/PNG/White/1x/joystickUp.png
  artifactKey: Guid(1dde4e923a10236428e618368771da4d) Importer(815301076,1909f56bfc062723c751e8b465ee728b)
Start importing Assets/Unity Asset Store/UI/kenney_game-icons/PNG/White/1x/joystickUp.png using Guid(1dde4e923a10236428e618368771da4d) Importer(815301076,1909f56bfc062723c751e8b465ee728b) (PreviewImporter) -> (artifact id: 'd9d05db71fcc035b68e5c9b0ce0f4741') in 0.0082271 seconds
Number of updated asset objects reloaded before import = 0Number of asset objects unloaded after import = 3

========================================================================
Received Import Request.
  Time since last request: 7.188538 seconds.
  path: Assets/Resources/Sprites/Weapons/Knife.png
  artifactKey: Guid(921964558d013d747b1aed0e12cb0b6d) Importer(815301076,1909f56bfc062723c751e8b465ee728b)
Start importing Assets/Resources/Sprites/Weapons/Knife.png using Guid(921964558d013d747b1aed0e12cb0b6d) Importer(815301076,1909f56bfc062723c751e8b465ee728b) (PreviewImporter) -> (artifact id: 'a261bd7617b0f75658fc2872fd97d2f2') in 0.00695 seconds
Number of updated asset objects reloaded before import = 0Number of asset objects unloaded after import = 3

========================================================================
Received Import Request.
  Time since last request: 0.310686 seconds.
  path: Assets/Art/Characters/Player Classes/Pixel Heroes Pack/Sprites/Effects/LightningBolt.png
  artifactKey: Guid(1b8811fef59712a4db40eb4de1ca5f4b) Importer(815301076,1909f56bfc062723c751e8b465ee728b)
Start importing Assets/Art/Characters/Player Classes/Pixel Heroes Pack/Sprites/Effects/LightningBolt.png using Guid(1b8811fef59712a4db40eb4de1ca5f4b) Importer(815301076,1909f56bfc062723c751e8b465ee728b) (PreviewImporter) -> (artifact id: 'b587133cabc21efa01e60322daa14aac') in 0.0146433 seconds
Number of updated asset objects reloaded before import = 0Number of asset objects unloaded after import = 6

========================================================================
Received Import Request.
  Time since last request: 0.005866 seconds.
  path: Assets/Art/Characters/Player Classes/Pixel Heroes Pack/Sprites/Storm Mage/LightningEffect.png
  artifactKey: Guid(b180d6ce770e15e40bacc33489a7a019) Importer(815301076,1909f56bfc062723c751e8b465ee728b)
Start importing Assets/Art/Characters/Player Classes/Pixel Heroes Pack/Sprites/Storm Mage/LightningEffect.png using Guid(b180d6ce770e15e40bacc33489a7a019) Importer(815301076,1909f56bfc062723c751e8b465ee728b) (PreviewImporter) -> (artifact id: 'ce0c2d658aea37d09491163e5697baa3') in 0.0398896 seconds
Number of updated asset objects reloaded before import = 0Number of asset objects unloaded after import = 17

========================================================================
Received Import Request.
  Time since last request: 0.010297 seconds.
  path: Assets/Art/Characters/Player Classes/Pixel Heroes Pack/Sprites/Effects/LightningStrike.png
  artifactKey: Guid(71b1c0611b84e8948b5f1a31fd282bfd) Importer(815301076,1909f56bfc062723c751e8b465ee728b)
Start importing Assets/Art/Characters/Player Classes/Pixel Heroes Pack/Sprites/Effects/LightningStrike.png using Guid(71b1c0611b84e8948b5f1a31fd282bfd) Importer(815301076,1909f56bfc062723c751e8b465ee728b) (PreviewImporter) -> (artifact id: 'a3982c51d62e385db116230a122665b1') in 0.0130746 seconds
Number of updated asset objects reloaded before import = 0Number of asset objects unloaded after import = 10

========================================================================
Received Import Request.
  Time since last request: 0.025370 seconds.
  path: Assets/Unity Asset Store/UI/Classic_RPG_GUI/Parts/little_round_frame.png
  artifactKey: Guid(2dc96f21bc3fd0e498e73a0a1843c9cb) Importer(815301076,1909f56bfc062723c751e8b465ee728b)
Start importing Assets/Unity Asset Store/UI/Classic_RPG_GUI/Parts/little_round_frame.png using Guid(2dc96f21bc3fd0e498e73a0a1843c9cb) Importer(815301076,1909f56bfc062723c751e8b465ee728b) (PreviewImporter) -> (artifact id: '7ec18df546fd78fe951674ae1f65b2b9') in 0.0065914 seconds
Number of updated asset objects reloaded before import = 0Number of asset objects unloaded after import = 3

========================================================================
Received Import Request.
  Time since last request: 0.030772 seconds.
  path: Assets/Unity Asset Store/UI/Classic_RPG_GUI/Parts/little_round_frame2_elite.png
  artifactKey: Guid(7d5a424b35fe8a1469f68e76f2e2d2f3) Importer(815301076,1909f56bfc062723c751e8b465ee728b)
Start importing Assets/Unity Asset Store/UI/Classic_RPG_GUI/Parts/little_round_frame2_elite.png using Guid(7d5a424b35fe8a1469f68e76f2e2d2f3) Importer(815301076,1909f56bfc062723c751e8b465ee728b) (PreviewImporter) -> (artifact id: 'fb256528e67a940271b82f81c401fbb4') in 0.0066411 seconds
Number of updated asset objects reloaded before import = 0Number of asset objects unloaded after import = 3

========================================================================
Received Import Request.
  Time since last request: 0.043144 seconds.
  path: Assets/Unity Asset Store/UI/Pixel Art Icon Pack - RPG/Texture/Food/Meat.png
  artifactKey: Guid(14e62563269c11443b9c936be93b95f4) Importer(815301076,1909f56bfc062723c751e8b465ee728b)
Start importing Assets/Unity Asset Store/UI/Pixel Art Icon Pack - RPG/Texture/Food/Meat.png using Guid(14e62563269c11443b9c936be93b95f4) Importer(815301076,1909f56bfc062723c751e8b465ee728b) (PreviewImporter) -> (artifact id: '037e5c53f3ee967e521173ae54e17615') in 0.0076098 seconds
Number of updated asset objects reloaded before import = 0Number of asset objects unloaded after import = 3

========================================================================
Received Import Request.
  Time since last request: 0.003627 seconds.
  path: Assets/Unity Asset Store/UI/kenney_game-icons/PNG/Black/2x/medal1.png
  artifactKey: Guid(b5125b164e43d1e47b544ea45404180d) Importer(815301076,1909f56bfc062723c751e8b465ee728b)
Start importing Assets/Unity Asset Store/UI/kenney_game-icons/PNG/Black/2x/medal1.png using Guid(b5125b164e43d1e47b544ea45404180d) Importer(815301076,1909f56bfc062723c751e8b465ee728b) (PreviewImporter) -> (artifact id: '01ea9f6dcdf853d703953455f3e4a64a') in 0.0098378 seconds
Number of updated asset objects reloaded before import = 0Number of asset objects unloaded after import = 3

Editor requested this worker to shutdown with reason: Scaling down because of idle timeout
AssetImportWorker is now disconnected from the server
Process exiting
Exiting without the bug reporter. Application will terminate with return code 0