Using pre-set license
Built from '6000.0/staging' branch; Version is '6000.0.24f1 (11fa355cd605) revision 1178165'; Using compiler version '193933523'; Build Type 'Release'
OS: 'Windows 11  (10.0.26200) 64bit Core' Language: 'en' Physical Memory: 65395 MB
BatchMode: 1, IsHumanControllingUs: 0, StartBugReporterOnCrash: 0, Is64bit: 1, IsPro: 1

COMMAND LINE ARGUMENTS:
C:\Program Files\Unity\Hub\Editor\6000.0.24f1\Editor\Unity.exe
-adb2
-batchMode
-noUpm
-name
AssetImportWorker5
-projectPath
C:/Users/User/Desktop/SIT/Github Desktop/CT900-SCH/GitHub-HLC1/HL_CH1_TW
-logFile
Logs/AssetImportWorker5.log
-srvPort
63570
-job-worker-count
9
-background-job-worker-count
8
-asset-garbage-collectors
1
Successfully changed project path to: C:/Users/User/Desktop/SIT/Github Desktop/CT900-SCH/GitHub-HLC1/HL_CH1_TW
C:/Users/User/Desktop/SIT/Github Desktop/CT900-SCH/GitHub-HLC1/HL_CH1_TW
[UnityMemory] Configuration Parameters - Can be set up in boot.config
    "memorysetup-bucket-allocator-granularity=16"
    "memorysetup-bucket-allocator-bucket-count=8"
    "memorysetup-bucket-allocator-block-size=33554432"
    "memorysetup-bucket-allocator-block-count=8"
    "memorysetup-main-allocator-block-size=16777216"
    "memorysetup-thread-allocator-block-size=16777216"
    "memorysetup-gfx-main-allocator-block-size=16777216"
    "memorysetup-gfx-thread-allocator-block-size=16777216"
    "memorysetup-cache-allocator-block-size=4194304"
    "memorysetup-typetree-allocator-block-size=2097152"
    "memorysetup-profiler-bucket-allocator-granularity=16"
    "memorysetup-profiler-bucket-allocator-bucket-count=8"
    "memorysetup-profiler-bucket-allocator-block-size=33554432"
    "memorysetup-profiler-bucket-allocator-block-count=8"
    "memorysetup-profiler-allocator-block-size=16777216"
    "memorysetup-profiler-editor-allocator-block-size=1048576"
    "memorysetup-temp-allocator-size-main=16777216"
    "memorysetup-job-temp-allocator-block-size=2097152"
    "memorysetup-job-temp-allocator-block-size-background=1048576"
    "memorysetup-job-temp-allocator-reduction-small-platforms=262144"
    "memorysetup-allocator-temp-initial-block-size-main=262144"
    "memorysetup-allocator-temp-initial-block-size-worker=262144"
    "memorysetup-temp-allocator-size-background-worker=32768"
    "memorysetup-temp-allocator-size-job-worker=262144"
    "memorysetup-temp-allocator-size-preload-manager=33554432"
    "memorysetup-temp-allocator-size-nav-mesh-worker=65536"
    "memorysetup-temp-allocator-size-audio-worker=65536"
    "memorysetup-temp-allocator-size-cloud-worker=32768"
    "memorysetup-temp-allocator-size-gi-baking-worker=262144"
    "memorysetup-temp-allocator-size-gi-baking-worker=262144"
    "memorysetup-temp-allocator-size-gi-baking-worker=262144"
    "memorysetup-temp-allocator-size-gi-baking-worker=262144"
    "memorysetup-temp-allocator-size-gi-baking-worker=262144"
    "memorysetup-temp-allocator-size-gfx=262144"
Player connection [13080]  Target information:

Player connection [13080]  * "[IP] 192.168.18.191 [Port] 0 [Flags] 2 [Guid] 2418979778 [EditorId] 2418979778 [Version] 1048832 [Id] WindowsEditor(7,DESKTOP-ASE2N49) [Debug] 1 [PackageName] WindowsEditor [ProjectName] Editor" 

Player connection [13080] Host joined multi-casting on [225.0.0.222:54997]...
Player connection [13080] Host joined alternative multi-casting on [225.0.0.222:34997]...
JobSystem: Creating JobQueue using job-worker-count value 9
[Physics::Module] Initialized fallback backend.
[Physics::Module] Id: 0xdecafbad
Library Redirect Path: Library/
[Physics::Module] Selected backend.
[Physics::Module] Name: PhysX
[Physics::Module] Id: 0xf2b8ea05
[Physics::Module] SDK Version: 4.1.2
[Physics::Module] Integration Version: 1.0.0
[Physics::Module] Threading Mode: Multi-Threaded
Refreshing native plugins compatible for Editor in 3.62 ms, found 8 plugins.
Preloading 0 native plugins for Editor in 0.00 ms.
Initialize engine version: 6000.0.24f1 (11fa355cd605)
[Subsystems] Discovering subsystems at path C:/Program Files/Unity/Hub/Editor/6000.0.24f1/Editor/Data/Resources/UnitySubsystems
[Subsystems] Discovering subsystems at path C:/Users/User/Desktop/SIT/Github Desktop/CT900-SCH/GitHub-HLC1/HL_CH1_TW/Assets
GfxDevice: creating device client; kGfxThreadingModeNonThreaded
Direct3D:
    Version:  Direct3D 11.0 [level 11.1]
    Renderer: NVIDIA GeForce RTX 3060 (ID=0x2504)
    Vendor:   NVIDIA
    VRAM:     12115 MB
    Driver:   32.0.15.9186
Initialize mono
Mono path[0] = 'C:/Program Files/Unity/Hub/Editor/6000.0.24f1/Editor/Data/Managed'
Mono path[1] = 'C:/Program Files/Unity/Hub/Editor/6000.0.24f1/Editor/Data/MonoBleedingEdge/lib/mono/unityjit-win32'
Mono config path = 'C:/Program Files/Unity/Hub/Editor/6000.0.24f1/Editor/Data/MonoBleedingEdge/etc'
Using monoOptions --debugger-agent=transport=dt_socket,embedding=1,server=y,suspend=n,address=127.0.0.1:56376
Begin MonoManager ReloadAssembly
Registering precompiled unity dll's ...
Register platform support module: C:/Program Files/Unity/Hub/Editor/6000.0.24f1/Editor/Data/PlaybackEngines/WindowsStandaloneSupport/UnityEditor.WindowsStandalone.Extensions.dll
Register platform support module: C:/Program Files/Unity/Hub/Editor/6000.0.24f1/Editor/Data/PlaybackEngines/AndroidPlayer/UnityEditor.Android.Extensions.dll
Registered in 0.002836 seconds.
- Loaded All Assemblies, in  0.316 seconds
Native extension for Android target not found
Android Extension - Scanning For ADB Devices 219 ms
Native extension for WindowsStandalone target not found
Mono: successfully reloaded assembly
- Finished resetting the current domain, in  0.523 seconds
Domain Reload Profiling: 837ms
	BeginReloadAssembly (107ms)
		ExecutionOrderSort (0ms)
		DisableScriptedObjects (0ms)
		BackupInstance (0ms)
		ReleaseScriptingObjects (0ms)
		CreateAndSetChildDomain (1ms)
	RebuildCommonClasses (29ms)
	RebuildNativeTypeToScriptingClass (9ms)
	initialDomainReloadingComplete (42ms)
	LoadAllAssembliesAndSetupDomain (128ms)
		LoadAssemblies (105ms)
		RebuildTransferFunctionScriptingTraits (0ms)
		AnalyzeDomain (125ms)
			TypeCache.Refresh (123ms)
				TypeCache.ScanAssembly (112ms)
			BuildScriptInfoCaches (0ms)
			ResolveRequiredComponents (0ms)
	FinalizeReload (523ms)
		ReleaseScriptCaches (0ms)
		RebuildScriptCaches (0ms)
		SetupLoadedEditorAssemblies (492ms)
			LogAssemblyErrors (0ms)
			InitializePlatformSupportModulesInManaged (291ms)
			SetLoadedEditorAssemblies (4ms)
			BeforeProcessingInitializeOnLoad (5ms)
			ProcessInitializeOnLoadAttributes (125ms)
			ProcessInitializeOnLoadMethodAttributes (64ms)
			AfterProcessingInitializeOnLoad (2ms)
			EditorAssembliesLoaded (0ms)
		ExecutionOrderSort2 (0ms)
		AwakeInstancesAfterBackupRestoration (0ms)
========================================================================
Worker process is ready to serve import requests
Import Worker Mode flag is 0x00
Begin MonoManager ReloadAssembly
- Loaded All Assemblies, in  0.856 seconds
Refreshing native plugins compatible for Editor in 1.93 ms, found 8 plugins.
Native extension for Android target not found
Native extension for WindowsStandalone target not found
Mono: successfully reloaded assembly
- Finished resetting the current domain, in  0.634 seconds
Domain Reload Profiling: 1486ms
	BeginReloadAssembly (302ms)
		ExecutionOrderSort (0ms)
		DisableScriptedObjects (5ms)
		BackupInstance (0ms)
		ReleaseScriptingObjects (0ms)
		CreateAndSetChildDomain (31ms)
	RebuildCommonClasses (29ms)
	RebuildNativeTypeToScriptingClass (8ms)
	initialDomainReloadingComplete (33ms)
	LoadAllAssembliesAndSetupDomain (480ms)
		LoadAssemblies (351ms)
		RebuildTransferFunctionScriptingTraits (0ms)
		AnalyzeDomain (213ms)
			TypeCache.Refresh (152ms)
				TypeCache.ScanAssembly (135ms)
			BuildScriptInfoCaches (53ms)
			ResolveRequiredComponents (5ms)
	FinalizeReload (634ms)
		ReleaseScriptCaches (0ms)
		RebuildScriptCaches (0ms)
		SetupLoadedEditorAssemblies (488ms)
			LogAssemblyErrors (0ms)
			InitializePlatformSupportModulesInManaged (9ms)
			SetLoadedEditorAssemblies (5ms)
			BeforeProcessingInitializeOnLoad (89ms)
			ProcessInitializeOnLoadAttributes (343ms)
			ProcessInitializeOnLoadMethodAttributes (34ms)
			AfterProcessingInitializeOnLoad (7ms)
			EditorAssembliesLoaded (0ms)
		ExecutionOrderSort2 (0ms)
		AwakeInstancesAfterBackupRestoration (5ms)
Launched and connected shader compiler UnityShaderCompiler.exe after 0.01 seconds
Refreshing native plugins compatible for Editor in 2.05 ms, found 8 plugins.
Preloading 0 native plugins for Editor in 0.00 ms.
Unloading 38 Unused Serialized files (Serialized files now loaded: 0)
Unloading 4792 unused Assets / (1.6 MB). Loaded Objects now: 5394.
Memory consumption went from 130.1 MB to 128.5 MB.
Total: 6.365500 ms (FindLiveObjects: 0.480100 ms CreateObjectMapping: 0.310000 ms MarkObjects: 4.334900 ms  DeleteObjects: 1.239400 ms)

========================================================================
Received Import Request.
  Time since last request: 412452.449236 seconds.
  path: Assets/Resources/UI Prefab/Main01_Guide.prefab
  artifactKey: Guid(42fb1a303d66fc74aaa06813d7400e2a) Importer(815301076,1909f56bfc062723c751e8b465ee728b)
Start importing Assets/Resources/UI Prefab/Main01_Guide.prefab using Guid(42fb1a303d66fc74aaa06813d7400e2a) Importer(815301076,1909f56bfc062723c751e8b465ee728b) (PreviewImporter) -> (artifact id: 'a046488568c3145527456bc77e1deb25') in 0.0477872 seconds
Number of updated asset objects reloaded before import = 0Number of asset objects unloaded after import = 29

========================================================================
Received Prepare
Refreshing native plugins compatible for Editor in 4.84 ms, found 8 plugins.
Preloading 0 native plugins for Editor in 0.00 ms.
Unloading 0 Unused Serialized files (Serialized files now loaded: 0)
Unloading 4770 unused Assets / (0.8 MB). Loaded Objects now: 5397.
Memory consumption went from 119.6 MB to 118.8 MB.
Total: 11.889000 ms (FindLiveObjects: 0.738900 ms CreateObjectMapping: 0.497300 ms MarkObjects: 8.578800 ms  DeleteObjects: 2.071800 ms)

Prepare: number of updated asset objects reloaded= 0
========================================================================
Received Import Request.
  Time since last request: 29.403828 seconds.
  path: Assets/Script/SYSTEM/Management Of DeckBuilder/UIDeckBuilder.cs
  artifactKey: Guid(8c17f9b0229e12d4187a6901212ce85a) Importer(815301076,1909f56bfc062723c751e8b465ee728b)
Start importing Assets/Script/SYSTEM/Management Of DeckBuilder/UIDeckBuilder.cs using Guid(8c17f9b0229e12d4187a6901212ce85a) Importer(815301076,1909f56bfc062723c751e8b465ee728b) (PreviewImporter) -> (artifact id: '9277992abb8f2668c6b28d1d604c509c') in 0.0019328 seconds
Number of updated asset objects reloaded before import = 0Number of asset objects unloaded after import = 0

========================================================================
Received Import Request.
  Time since last request: 22.734452 seconds.
  path: Assets/A_Font_HLCH1_TW/cinzel/CinzelDecorative-Bold.otf
  artifactKey: Guid(21d1476c291f2874ab397c648312c036) Importer(815301076,1909f56bfc062723c751e8b465ee728b)
Start importing Assets/A_Font_HLCH1_TW/cinzel/CinzelDecorative-Bold.otf using Guid(21d1476c291f2874ab397c648312c036) Importer(815301076,1909f56bfc062723c751e8b465ee728b) (PreviewImporter) -> (artifact id: 'b7bdda39e5fe56801ce43e5d040a2578') in 0.0563483 seconds
Number of updated asset objects reloaded before import = 0Number of asset objects unloaded after import = 4

========================================================================
Received Prepare
Refreshing native plugins compatible for Editor in 4.19 ms, found 8 plugins.
Preloading 0 native plugins for Editor in 0.00 ms.
Unloading 0 Unused Serialized files (Serialized files now loaded: 0)
Unloading 4769 unused Assets / (1.1 MB). Loaded Objects now: 5441.
Memory consumption went from 120.4 MB to 119.3 MB.
Total: 11.482300 ms (FindLiveObjects: 1.568200 ms CreateObjectMapping: 0.353600 ms MarkObjects: 7.607800 ms  DeleteObjects: 1.950700 ms)

Prepare: number of updated asset objects reloaded= 0
========================================================================
Received Prepare
Begin MonoManager ReloadAssembly
- Loaded All Assemblies, in  0.706 seconds
Refreshing native plugins compatible for Editor in 3.52 ms, found 8 plugins.
Native extension for Android target not found
Native extension for WindowsStandalone target not found
Mono: successfully reloaded assembly
- Finished resetting the current domain, in  0.846 seconds
Domain Reload Profiling: 1551ms
	BeginReloadAssembly (172ms)
		ExecutionOrderSort (0ms)
		DisableScriptedObjects (9ms)
		BackupInstance (0ms)
		ReleaseScriptingObjects (0ms)
		CreateAndSetChildDomain (48ms)
	RebuildCommonClasses (28ms)
	RebuildNativeTypeToScriptingClass (9ms)
	initialDomainReloadingComplete (28ms)
	LoadAllAssembliesAndSetupDomain (467ms)
		LoadAssemblies (341ms)
		RebuildTransferFunctionScriptingTraits (0ms)
		AnalyzeDomain (206ms)
			TypeCache.Refresh (10ms)
				TypeCache.ScanAssembly (1ms)
			BuildScriptInfoCaches (183ms)
			ResolveRequiredComponents (8ms)
	FinalizeReload (847ms)
		ReleaseScriptCaches (0ms)
		RebuildScriptCaches (0ms)
		SetupLoadedEditorAssemblies (647ms)
			LogAssemblyErrors (0ms)
			InitializePlatformSupportModulesInManaged (16ms)
			SetLoadedEditorAssemblies (9ms)
			BeforeProcessingInitializeOnLoad (144ms)
			ProcessInitializeOnLoadAttributes (437ms)
			ProcessInitializeOnLoadMethodAttributes (35ms)
			AfterProcessingInitializeOnLoad (6ms)
			EditorAssembliesLoaded (0ms)
		ExecutionOrderSort2 (0ms)
		AwakeInstancesAfterBackupRestoration (8ms)
Refreshing native plugins compatible for Editor in 1.73 ms, found 8 plugins.
Preloading 0 native plugins for Editor in 0.00 ms.
Unloading 0 Unused Serialized files (Serialized files now loaded: 0)
Unloading 4790 unused Assets / (1.2 MB). Loaded Objects now: 5443.
Memory consumption went from 121.8 MB to 120.6 MB.
Total: 5.863700 ms (FindLiveObjects: 0.545100 ms CreateObjectMapping: 0.456900 ms MarkObjects: 3.884600 ms  DeleteObjects: 0.976200 ms)

Prepare: number of updated asset objects reloaded= 0
========================================================================
Received Prepare
Begin MonoManager ReloadAssembly
- Loaded All Assemblies, in  0.615 seconds
Refreshing native plugins compatible for Editor in 1.77 ms, found 8 plugins.
Native extension for Android target not found
Native extension for WindowsStandalone target not found
Mono: successfully reloaded assembly
- Finished resetting the current domain, in  0.724 seconds
Domain Reload Profiling: 1339ms
	BeginReloadAssembly (164ms)
		ExecutionOrderSort (0ms)
		DisableScriptedObjects (12ms)
		BackupInstance (0ms)
		ReleaseScriptingObjects (0ms)
		CreateAndSetChildDomain (41ms)
	RebuildCommonClasses (27ms)
	RebuildNativeTypeToScriptingClass (9ms)
	initialDomainReloadingComplete (22ms)
	LoadAllAssembliesAndSetupDomain (391ms)
		LoadAssemblies (312ms)
		RebuildTransferFunctionScriptingTraits (0ms)
		AnalyzeDomain (156ms)
			TypeCache.Refresh (7ms)
				TypeCache.ScanAssembly (0ms)
			BuildScriptInfoCaches (140ms)
			ResolveRequiredComponents (5ms)
	FinalizeReload (724ms)
		ReleaseScriptCaches (0ms)
		RebuildScriptCaches (0ms)
		SetupLoadedEditorAssemblies (539ms)
			LogAssemblyErrors (0ms)
			InitializePlatformSupportModulesInManaged (11ms)
			SetLoadedEditorAssemblies (6ms)
			BeforeProcessingInitializeOnLoad (111ms)
			ProcessInitializeOnLoadAttributes (363ms)
			ProcessInitializeOnLoadMethodAttributes (40ms)
			AfterProcessingInitializeOnLoad (6ms)
			EditorAssembliesLoaded (0ms)
		ExecutionOrderSort2 (0ms)
		AwakeInstancesAfterBackupRestoration (6ms)
Refreshing native plugins compatible for Editor in 2.54 ms, found 8 plugins.
Preloading 0 native plugins for Editor in 0.00 ms.
Unloading 0 Unused Serialized files (Serialized files now loaded: 0)
Unloading 4790 unused Assets / (1.3 MB). Loaded Objects now: 5445.
Memory consumption went from 121.8 MB to 120.5 MB.
Total: 7.283100 ms (FindLiveObjects: 0.740600 ms CreateObjectMapping: 0.573400 ms MarkObjects: 4.592500 ms  DeleteObjects: 1.373300 ms)

Prepare: number of updated asset objects reloaded= 0
========================================================================
Received Prepare
Refreshing native plugins compatible for Editor in 3.53 ms, found 8 plugins.
Preloading 0 native plugins for Editor in 0.00 ms.
Unloading 0 Unused Serialized files (Serialized files now loaded: 0)
Unloading 4769 unused Assets / (131.0 KB). Loaded Objects now: 5445.
Memory consumption went from 121.9 MB to 121.8 MB.
Total: 7.684100 ms (FindLiveObjects: 0.661500 ms CreateObjectMapping: 0.277200 ms MarkObjects: 5.851700 ms  DeleteObjects: 0.892700 ms)

Prepare: number of updated asset objects reloaded= 0
========================================================================
Received Prepare
Begin MonoManager ReloadAssembly
- Loaded All Assemblies, in  0.630 seconds
Refreshing native plugins compatible for Editor in 1.90 ms, found 8 plugins.
Native extension for Android target not found
Native extension for WindowsStandalone target not found
Mono: successfully reloaded assembly
- Finished resetting the current domain, in  0.650 seconds
Domain Reload Profiling: 1279ms
	BeginReloadAssembly (172ms)
		ExecutionOrderSort (0ms)
		DisableScriptedObjects (10ms)
		BackupInstance (0ms)
		ReleaseScriptingObjects (0ms)
		CreateAndSetChildDomain (39ms)
	RebuildCommonClasses (26ms)
	RebuildNativeTypeToScriptingClass (9ms)
	initialDomainReloadingComplete (22ms)
	LoadAllAssembliesAndSetupDomain (400ms)
		LoadAssemblies (324ms)
		RebuildTransferFunctionScriptingTraits (0ms)
		AnalyzeDomain (164ms)
			TypeCache.Refresh (9ms)
				TypeCache.ScanAssembly (1ms)
			BuildScriptInfoCaches (145ms)
			ResolveRequiredComponents (5ms)
	FinalizeReload (650ms)
		ReleaseScriptCaches (0ms)
		RebuildScriptCaches (0ms)
		SetupLoadedEditorAssemblies (475ms)
			LogAssemblyErrors (0ms)
			InitializePlatformSupportModulesInManaged (9ms)
			SetLoadedEditorAssemblies (6ms)
			BeforeProcessingInitializeOnLoad (98ms)
			ProcessInitializeOnLoadAttributes (323ms)
			ProcessInitializeOnLoadMethodAttributes (30ms)
			AfterProcessingInitializeOnLoad (8ms)
			EditorAssembliesLoaded (0ms)
		ExecutionOrderSort2 (0ms)
		AwakeInstancesAfterBackupRestoration (6ms)
Refreshing native plugins compatible for Editor in 1.82 ms, found 8 plugins.
Preloading 0 native plugins for Editor in 0.00 ms.
Unloading 0 Unused Serialized files (Serialized files now loaded: 0)
Unloading 4790 unused Assets / (1.2 MB). Loaded Objects now: 5447.
Memory consumption went from 121.8 MB to 120.6 MB.
Total: 5.813800 ms (FindLiveObjects: 0.481100 ms CreateObjectMapping: 0.421600 ms MarkObjects: 3.894800 ms  DeleteObjects: 1.015300 ms)

Prepare: number of updated asset objects reloaded= 0
========================================================================
Received Prepare
Begin MonoManager ReloadAssembly
- Loaded All Assemblies, in  0.610 seconds
Refreshing native plugins compatible for Editor in 3.21 ms, found 8 plugins.
Native extension for Android target not found
Native extension for WindowsStandalone target not found
Mono: successfully reloaded assembly
- Finished resetting the current domain, in  0.766 seconds
Domain Reload Profiling: 1374ms
	BeginReloadAssembly (161ms)
		ExecutionOrderSort (0ms)
		DisableScriptedObjects (10ms)
		BackupInstance (0ms)
		ReleaseScriptingObjects (0ms)
		CreateAndSetChildDomain (39ms)
	RebuildCommonClasses (25ms)
	RebuildNativeTypeToScriptingClass (10ms)
	initialDomainReloadingComplete (22ms)
	LoadAllAssembliesAndSetupDomain (389ms)
		LoadAssemblies (310ms)
		RebuildTransferFunctionScriptingTraits (0ms)
		AnalyzeDomain (157ms)
			TypeCache.Refresh (6ms)
				TypeCache.ScanAssembly (0ms)
			BuildScriptInfoCaches (142ms)
			ResolveRequiredComponents (5ms)
	FinalizeReload (766ms)
		ReleaseScriptCaches (0ms)
		RebuildScriptCaches (0ms)
		SetupLoadedEditorAssemblies (571ms)
			LogAssemblyErrors (0ms)
			InitializePlatformSupportModulesInManaged (12ms)
			SetLoadedEditorAssemblies (6ms)
			BeforeProcessingInitializeOnLoad (111ms)
			ProcessInitializeOnLoadAttributes (397ms)
			ProcessInitializeOnLoadMethodAttributes (38ms)
			AfterProcessingInitializeOnLoad (8ms)
			EditorAssembliesLoaded (0ms)
		ExecutionOrderSort2 (0ms)
		AwakeInstancesAfterBackupRestoration (7ms)
Refreshing native plugins compatible for Editor in 1.99 ms, found 8 plugins.
Preloading 0 native plugins for Editor in 0.00 ms.
Unloading 0 Unused Serialized files (Serialized files now loaded: 0)
Unloading 4790 unused Assets / (1.3 MB). Loaded Objects now: 5449.
Memory consumption went from 121.8 MB to 120.5 MB.
Total: 6.015400 ms (FindLiveObjects: 0.503400 ms CreateObjectMapping: 0.328100 ms MarkObjects: 4.065100 ms  DeleteObjects: 1.117800 ms)

Prepare: number of updated asset objects reloaded= 0
========================================================================
Received Prepare
Begin MonoManager ReloadAssembly
- Loaded All Assemblies, in  0.619 seconds
Refreshing native plugins compatible for Editor in 2.12 ms, found 8 plugins.
Native extension for Android target not found
Native extension for WindowsStandalone target not found
Mono: successfully reloaded assembly
- Finished resetting the current domain, in  0.722 seconds
Domain Reload Profiling: 1342ms
	BeginReloadAssembly (163ms)
		ExecutionOrderSort (0ms)
		DisableScriptedObjects (10ms)
		BackupInstance (0ms)
		ReleaseScriptingObjects (0ms)
		CreateAndSetChildDomain (41ms)
	RebuildCommonClasses (26ms)
	RebuildNativeTypeToScriptingClass (9ms)
	initialDomainReloadingComplete (23ms)
	LoadAllAssembliesAndSetupDomain (399ms)
		LoadAssemblies (315ms)
		RebuildTransferFunctionScriptingTraits (0ms)
		AnalyzeDomain (162ms)
			TypeCache.Refresh (8ms)
				TypeCache.ScanAssembly (0ms)
			BuildScriptInfoCaches (145ms)
			ResolveRequiredComponents (6ms)
	FinalizeReload (722ms)
		ReleaseScriptCaches (0ms)
		RebuildScriptCaches (0ms)
		SetupLoadedEditorAssemblies (546ms)
			LogAssemblyErrors (0ms)
			InitializePlatformSupportModulesInManaged (9ms)
			SetLoadedEditorAssemblies (5ms)
			BeforeProcessingInitializeOnLoad (97ms)
			ProcessInitializeOnLoadAttributes (390ms)
			ProcessInitializeOnLoadMethodAttributes (37ms)
			AfterProcessingInitializeOnLoad (7ms)
			EditorAssembliesLoaded (0ms)
		ExecutionOrderSort2 (0ms)
		AwakeInstancesAfterBackupRestoration (6ms)
Refreshing native plugins compatible for Editor in 2.03 ms, found 8 plugins.
Preloading 0 native plugins for Editor in 0.00 ms.
Unloading 0 Unused Serialized files (Serialized files now loaded: 0)
Unloading 4790 unused Assets / (1.3 MB). Loaded Objects now: 5451.
Memory consumption went from 121.8 MB to 120.5 MB.
Total: 6.235400 ms (FindLiveObjects: 0.524800 ms CreateObjectMapping: 0.419300 ms MarkObjects: 4.152500 ms  DeleteObjects: 1.137900 ms)

Prepare: number of updated asset objects reloaded= 0
========================================================================
Received Prepare
Begin MonoManager ReloadAssembly
- Loaded All Assemblies, in  0.595 seconds
Refreshing native plugins compatible for Editor in 3.25 ms, found 8 plugins.
Native extension for Android target not found
Native extension for WindowsStandalone target not found
Mono: successfully reloaded assembly
- Finished resetting the current domain, in  0.780 seconds
Domain Reload Profiling: 1375ms
	BeginReloadAssembly (161ms)
		ExecutionOrderSort (0ms)
		DisableScriptedObjects (12ms)
		BackupInstance (0ms)
		ReleaseScriptingObjects (0ms)
		CreateAndSetChildDomain (41ms)
	RebuildCommonClasses (26ms)
	RebuildNativeTypeToScriptingClass (9ms)
	initialDomainReloadingComplete (20ms)
	LoadAllAssembliesAndSetupDomain (378ms)
		LoadAssemblies (294ms)
		RebuildTransferFunctionScriptingTraits (0ms)
		AnalyzeDomain (155ms)
			TypeCache.Refresh (6ms)
				TypeCache.ScanAssembly (0ms)
			BuildScriptInfoCaches (141ms)
			ResolveRequiredComponents (5ms)
	FinalizeReload (780ms)
		ReleaseScriptCaches (0ms)
		RebuildScriptCaches (0ms)
		SetupLoadedEditorAssemblies (578ms)
			LogAssemblyErrors (0ms)
			InitializePlatformSupportModulesInManaged (12ms)
			SetLoadedEditorAssemblies (8ms)
			BeforeProcessingInitializeOnLoad (116ms)
			ProcessInitializeOnLoadAttributes (397ms)
			ProcessInitializeOnLoadMethodAttributes (38ms)
			AfterProcessingInitializeOnLoad (6ms)
			EditorAssembliesLoaded (0ms)
		ExecutionOrderSort2 (0ms)
		AwakeInstancesAfterBackupRestoration (6ms)
Refreshing native plugins compatible for Editor in 2.67 ms, found 8 plugins.
Preloading 0 native plugins for Editor in 0.00 ms.
Unloading 0 Unused Serialized files (Serialized files now loaded: 0)
Unloading 4790 unused Assets / (1.2 MB). Loaded Objects now: 5453.
Memory consumption went from 121.8 MB to 120.6 MB.
Total: 5.700400 ms (FindLiveObjects: 0.384100 ms CreateObjectMapping: 0.357300 ms MarkObjects: 3.986900 ms  DeleteObjects: 0.971400 ms)

Prepare: number of updated asset objects reloaded= 0
========================================================================
Received Import Request.
  Time since last request: 602.745102 seconds.
  path: Assets/Unity Asset Store/UI/Modern GDR - Free icons pack/00_Atlas/BrightIcons.png
  artifactKey: Guid(132358e9bf26b60458b731bf001e31db) Importer(815301076,1909f56bfc062723c751e8b465ee728b)
Start importing Assets/Unity Asset Store/UI/Modern GDR - Free icons pack/00_Atlas/BrightIcons.png using Guid(132358e9bf26b60458b731bf001e31db) Importer(815301076,1909f56bfc062723c751e8b465ee728b) (PreviewImporter) -> (artifact id: '3fdb1b787dc1dd27ed19c1701136e41d') in 0.2294274 seconds
Number of updated asset objects reloaded before import = 0Number of asset objects unloaded after import = 54

========================================================================
Received Import Request.
  Time since last request: 0.000022 seconds.
  path: Assets/Unity Asset Store/UI/Modern GDR - Free icons pack/00_Atlas/BrightBackground.png
  artifactKey: Guid(05e0567213a58c840a3ea79a4409bdfd) Importer(815301076,1909f56bfc062723c751e8b465ee728b)
Start importing Assets/Unity Asset Store/UI/Modern GDR - Free icons pack/00_Atlas/BrightBackground.png using Guid(05e0567213a58c840a3ea79a4409bdfd) Importer(815301076,1909f56bfc062723c751e8b465ee728b) (PreviewImporter) -> (artifact id: '37f0ef4ebd82c96341d78e95e6a5374a') in 0.1350888 seconds
Number of updated asset objects reloaded before import = 0Number of asset objects unloaded after import = 54

========================================================================
Received Import Request.
  Time since last request: 0.000029 seconds.
  path: Assets/Unity Asset Store/UI/Modern GDR - Free icons pack/00_Atlas/DarkBackground.png
  artifactKey: Guid(a5129965d9f7c604cb1842f6662f7e07) Importer(815301076,1909f56bfc062723c751e8b465ee728b)
Start importing Assets/Unity Asset Store/UI/Modern GDR - Free icons pack/00_Atlas/DarkBackground.png using Guid(a5129965d9f7c604cb1842f6662f7e07) Importer(815301076,1909f56bfc062723c751e8b465ee728b) (PreviewImporter) -> (artifact id: '8cdf699af560053e239dd85307037cc9') in 0.07749 seconds
Number of updated asset objects reloaded before import = 0Number of asset objects unloaded after import = 54

========================================================================
Received Import Request.
  Time since last request: 1.787103 seconds.
  path: Assets/Unity Asset Store/UI/Cursors/Cursors 256/Arrow.png
  artifactKey: Guid(0b86e86e49c39584ca92724a2cc3a501) Importer(815301076,1909f56bfc062723c751e8b465ee728b)
Start importing Assets/Unity Asset Store/UI/Cursors/Cursors 256/Arrow.png using Guid(0b86e86e49c39584ca92724a2cc3a501) Importer(815301076,1909f56bfc062723c751e8b465ee728b) (PreviewImporter) -> (artifact id: '2c916b77f953da32ad60dae7fca244da') in 0.0073132 seconds
Number of updated asset objects reloaded before import = 0Number of asset objects unloaded after import = 3

========================================================================
Received Import Request.
  Time since last request: 0.006271 seconds.
  path: Assets/Unity Asset Store/UI/Cursors/Cursors 64/Arrow_R.png
  artifactKey: Guid(116f8e92c4d794a498333f8f87d172bd) Importer(815301076,1909f56bfc062723c751e8b465ee728b)
Start importing Assets/Unity Asset Store/UI/Cursors/Cursors 64/Arrow_R.png using Guid(116f8e92c4d794a498333f8f87d172bd) Importer(815301076,1909f56bfc062723c751e8b465ee728b) (PreviewImporter) -> (artifact id: '0d1447a193ff6c06c2363754bc535bb0') in 0.007316 seconds
Number of updated asset objects reloaded before import = 0Number of asset objects unloaded after import = 3

========================================================================
Received Import Request.
  Time since last request: 0.000012 seconds.
  path: Assets/Unity Asset Store/UI/Cursors/Cursors 256/G_Arrow.png
  artifactKey: Guid(66efa82389d32814ca7e2e56fa53e471) Importer(815301076,1909f56bfc062723c751e8b465ee728b)
Start importing Assets/Unity Asset Store/UI/Cursors/Cursors 256/G_Arrow.png using Guid(66efa82389d32814ca7e2e56fa53e471) Importer(815301076,1909f56bfc062723c751e8b465ee728b) (PreviewImporter) -> (artifact id: '195495036ebebcad3d3acebb0ed6e121') in 0.0068372 seconds
Number of updated asset objects reloaded before import = 0Number of asset objects unloaded after import = 3

========================================================================
Received Import Request.
  Time since last request: 0.000033 seconds.
  path: Assets/Unity Asset Store/UI/Classic_RPG_GUI/Silhouette/warrior_silhouette_man.png
  artifactKey: Guid(09f502b1047044c4282b7dc5595a62cb) Importer(815301076,1909f56bfc062723c751e8b465ee728b)
Start importing Assets/Unity Asset Store/UI/Classic_RPG_GUI/Silhouette/warrior_silhouette_man.png using Guid(09f502b1047044c4282b7dc5595a62cb) Importer(815301076,1909f56bfc062723c751e8b465ee728b) (PreviewImporter) -> (artifact id: 'f15bc21734356811e9733d94f6ed4465') in 0.0102869 seconds
Number of updated asset objects reloaded before import = 0Number of asset objects unloaded after import = 3

========================================================================
Received Import Request.
  Time since last request: 0.000016 seconds.
  path: Assets/Unity Asset Store/UI/kenney_game-icons/PNG/White/2x/arrowRight.png
  artifactKey: Guid(c1b564fc881ae1a4b8343bdfeb3e6c4c) Importer(815301076,1909f56bfc062723c751e8b465ee728b)
Start importing Assets/Unity Asset Store/UI/kenney_game-icons/PNG/White/2x/arrowRight.png using Guid(c1b564fc881ae1a4b8343bdfeb3e6c4c) Importer(815301076,1909f56bfc062723c751e8b465ee728b) (PreviewImporter) -> (artifact id: '4939d428d91d6cc4707b9c81e04af805') in 0.0081589 seconds
Number of updated asset objects reloaded before import = 0Number of asset objects unloaded after import = 3

========================================================================
Received Import Request.
  Time since last request: 0.000016 seconds.
  path: Assets/Unity Asset Store/UI/kenney_game-icons/PNG/White/2x/arrowLeft.png
  artifactKey: Guid(a6bd4f86ef2160e49a61111c35bca292) Importer(815301076,1909f56bfc062723c751e8b465ee728b)
Start importing Assets/Unity Asset Store/UI/kenney_game-icons/PNG/White/2x/arrowLeft.png using Guid(a6bd4f86ef2160e49a61111c35bca292) Importer(815301076,1909f56bfc062723c751e8b465ee728b) (PreviewImporter) -> (artifact id: 'ec7f58aecb64e8e43a78379ab390287c') in 0.0058353 seconds
Number of updated asset objects reloaded before import = 0Number of asset objects unloaded after import = 3

========================================================================
Received Import Request.
  Time since last request: 0.000022 seconds.
  path: Assets/Unity Asset Store/UI/kenney_game-icons/PNG/Black/2x/arrowRight.png
  artifactKey: Guid(bc6f439b1f1d1e047a741e0fba0e5a44) Importer(815301076,1909f56bfc062723c751e8b465ee728b)
Start importing Assets/Unity Asset Store/UI/kenney_game-icons/PNG/Black/2x/arrowRight.png using Guid(bc6f439b1f1d1e047a741e0fba0e5a44) Importer(815301076,1909f56bfc062723c751e8b465ee728b) (PreviewImporter) -> (artifact id: '4483c2ce2076d9570aa77e4cda592788') in 0.0073925 seconds
Number of updated asset objects reloaded before import = 0Number of asset objects unloaded after import = 3

========================================================================
Received Import Request.
  Time since last request: 0.000019 seconds.
  path: Assets/Unity Asset Store/UI/Cursors/Cursors 64/G_Arrow.png
  artifactKey: Guid(6d3fc80206b127d469d54dc4512be56c) Importer(815301076,1909f56bfc062723c751e8b465ee728b)
Start importing Assets/Unity Asset Store/UI/Cursors/Cursors 64/G_Arrow.png using Guid(6d3fc80206b127d469d54dc4512be56c) Importer(815301076,1909f56bfc062723c751e8b465ee728b) (PreviewImporter) -> (artifact id: 'dba7194e5a70bfcb4b5117c5f07b2f4e') in 0.0075003 seconds
Number of updated asset objects reloaded before import = 0Number of asset objects unloaded after import = 3

========================================================================
Received Import Request.
  Time since last request: 0.000025 seconds.
  path: Assets/Unity Asset Store/UI/kenney_game-icons/PNG/White/1x/arrowRight.png
  artifactKey: Guid(62b07398b233f7a4a8e404036888f1a0) Importer(815301076,1909f56bfc062723c751e8b465ee728b)
Start importing Assets/Unity Asset Store/UI/kenney_game-icons/PNG/White/1x/arrowRight.png using Guid(62b07398b233f7a4a8e404036888f1a0) Importer(815301076,1909f56bfc062723c751e8b465ee728b) (PreviewImporter) -> (artifact id: 'a68b0940fd9af90105daaa22777938c9') in 0.008836 seconds
Number of updated asset objects reloaded before import = 0Number of asset objects unloaded after import = 3

========================================================================
Received Import Request.
  Time since last request: 0.000033 seconds.
  path: Assets/Unity Asset Store/UI/Cursors/Cursors 64/Arrow.png
  artifactKey: Guid(f0556ff233d03be4ea69793a01440b16) Importer(815301076,1909f56bfc062723c751e8b465ee728b)
Start importing Assets/Unity Asset Store/UI/Cursors/Cursors 64/Arrow.png using Guid(f0556ff233d03be4ea69793a01440b16) Importer(815301076,1909f56bfc062723c751e8b465ee728b) (PreviewImporter) -> (artifact id: '0b7e16faab6b4e0ed31b62fb272da7bb') in 0.0072467 seconds
Number of updated asset objects reloaded before import = 0Number of asset objects unloaded after import = 3

========================================================================
Received Import Request.
  Time since last request: 0.000016 seconds.
  path: Assets/Unity Asset Store/UI/kenney_game-icons/PNG/White/1x/arrowLeft.png
  artifactKey: Guid(b8f5f39a454ad26408fe77e2bad05b22) Importer(815301076,1909f56bfc062723c751e8b465ee728b)
Start importing Assets/Unity Asset Store/UI/kenney_game-icons/PNG/White/1x/arrowLeft.png using Guid(b8f5f39a454ad26408fe77e2bad05b22) Importer(815301076,1909f56bfc062723c751e8b465ee728b) (PreviewImporter) -> (artifact id: 'a58af5b046c1977882ac71e31a8523c8') in 0.0079949 seconds
Number of updated asset objects reloaded before import = 0Number of asset objects unloaded after import = 3

========================================================================
Received Import Request.
  Time since last request: 0.000017 seconds.
  path: Assets/Unity Asset Store/UI/kenney_game-icons/PNG/Black/1x/arrowUp.png
  artifactKey: Guid(216a1f5a7d6dd0043903c7cb3e2c43e9) Importer(815301076,1909f56bfc062723c751e8b465ee728b)
Start importing Assets/Unity Asset Store/UI/kenney_game-icons/PNG/Black/1x/arrowUp.png using Guid(216a1f5a7d6dd0043903c7cb3e2c43e9) Importer(815301076,1909f56bfc062723c751e8b465ee728b) (PreviewImporter) -> (artifact id: '1e555e27a3ac29e82e23fbc60ff7aaf4') in 0.0089671 seconds
Number of updated asset objects reloaded before import = 0Number of asset objects unloaded after import = 3

========================================================================
Received Import Request.
  Time since last request: 0.000018 seconds.
  path: Assets/Unity Asset Store/UI/Classic_RPG_GUI/Parts/Mini_arrow_left2.png
  artifactKey: Guid(f8eadc21af65fef4fa2e0f6cad6c70cf) Importer(815301076,1909f56bfc062723c751e8b465ee728b)
Start importing Assets/Unity Asset Store/UI/Classic_RPG_GUI/Parts/Mini_arrow_left2.png using Guid(f8eadc21af65fef4fa2e0f6cad6c70cf) Importer(815301076,1909f56bfc062723c751e8b465ee728b) (PreviewImporter) -> (artifact id: '9c7156cfeb3b5b0866b539c209fc45c5') in 0.0092334 seconds
Number of updated asset objects reloaded before import = 0Number of asset objects unloaded after import = 3

========================================================================
Received Import Request.
  Time since last request: 0.000016 seconds.
  path: Assets/Unity Asset Store/UI/kenney_game-icons/PNG/Black/2x/arrowLeft.png
  artifactKey: Guid(a43e7903953b35147832a23302ec5f5e) Importer(815301076,1909f56bfc062723c751e8b465ee728b)
Start importing Assets/Unity Asset Store/UI/kenney_game-icons/PNG/Black/2x/arrowLeft.png using Guid(a43e7903953b35147832a23302ec5f5e) Importer(815301076,1909f56bfc062723c751e8b465ee728b) (PreviewImporter) -> (artifact id: '5b3aad8d2dc917f07454df9cfc8e43c1') in 0.0067507 seconds
Number of updated asset objects reloaded before import = 0Number of asset objects unloaded after import = 3

========================================================================
Received Import Request.
  Time since last request: 0.000070 seconds.
  path: Assets/Unity Asset Store/UI/Cursors/Cursors 256/Arrow_G.png
  artifactKey: Guid(8b5dadc51cd688e41af88276b1df7cf8) Importer(815301076,1909f56bfc062723c751e8b465ee728b)
Start importing Assets/Unity Asset Store/UI/Cursors/Cursors 256/Arrow_G.png using Guid(8b5dadc51cd688e41af88276b1df7cf8) Importer(815301076,1909f56bfc062723c751e8b465ee728b) (PreviewImporter) -> (artifact id: '6402298901c67316a32a0ea7d8131644') in 0.0084656 seconds
Number of updated asset objects reloaded before import = 0Number of asset objects unloaded after import = 3

========================================================================
Received Import Request.
  Time since last request: 0.000019 seconds.
  path: Assets/Unity Asset Store/UI/Classic_RPG_GUI/Parts/Mini_arrow_bot2.png
  artifactKey: Guid(53960e9a9a2d4014d84fe451519f4e13) Importer(815301076,1909f56bfc062723c751e8b465ee728b)
Start importing Assets/Unity Asset Store/UI/Classic_RPG_GUI/Parts/Mini_arrow_bot2.png using Guid(53960e9a9a2d4014d84fe451519f4e13) Importer(815301076,1909f56bfc062723c751e8b465ee728b) (PreviewImporter) -> (artifact id: '5067c03e65f36ca35f9dd189d6ff5160') in 0.0080086 seconds
Number of updated asset objects reloaded before import = 0Number of asset objects unloaded after import = 3

========================================================================
Received Import Request.
  Time since last request: 0.000019 seconds.
  path: Assets/Unity Asset Store/UI/kenney_game-icons/PNG/White/1x/arrowUp.png
  artifactKey: Guid(d148d23c72fd7a948aea49073f7759b8) Importer(815301076,1909f56bfc062723c751e8b465ee728b)
Start importing Assets/Unity Asset Store/UI/kenney_game-icons/PNG/White/1x/arrowUp.png using Guid(d148d23c72fd7a948aea49073f7759b8) Importer(815301076,1909f56bfc062723c751e8b465ee728b) (PreviewImporter) -> (artifact id: '15b7301b4c463fdd43735fd6d3af67bd') in 0.0065834 seconds
Number of updated asset objects reloaded before import = 0Number of asset objects unloaded after import = 3

========================================================================
Received Import Request.
  Time since last request: 0.000019 seconds.
  path: Assets/Unity Asset Store/UI/Classic_RPG_GUI/Parts/Mini_arrow_bot2_t.png
  artifactKey: Guid(be990aa898cf8b24e984f2eea933b217) Importer(815301076,1909f56bfc062723c751e8b465ee728b)
Start importing Assets/Unity Asset Store/UI/Classic_RPG_GUI/Parts/Mini_arrow_bot2_t.png using Guid(be990aa898cf8b24e984f2eea933b217) Importer(815301076,1909f56bfc062723c751e8b465ee728b) (PreviewImporter) -> (artifact id: 'c2f11a4c5e91b73114999e7d60acae9d') in 0.009681 seconds
Number of updated asset objects reloaded before import = 0Number of asset objects unloaded after import = 3

========================================================================
Received Import Request.
  Time since last request: 0.000017 seconds.
  path: Assets/Unity Asset Store/UI/kenney_game-icons/PNG/Black/2x/arrowUp.png
  artifactKey: Guid(e8bc0436522b29944984c7806eb71172) Importer(815301076,1909f56bfc062723c751e8b465ee728b)
Start importing Assets/Unity Asset Store/UI/kenney_game-icons/PNG/Black/2x/arrowUp.png using Guid(e8bc0436522b29944984c7806eb71172) Importer(815301076,1909f56bfc062723c751e8b465ee728b) (PreviewImporter) -> (artifact id: 'ce7b02ae3bc2f02fc0c35811b569f924') in 0.007938 seconds
Number of updated asset objects reloaded before import = 0Number of asset objects unloaded after import = 3

========================================================================
Received Import Request.
  Time since last request: 60.879288 seconds.
  path: Assets/Unity Asset Store/UI/Pixel Art Icon Pack - RPG/Texture/Food/Apple.png
  artifactKey: Guid(da7129ed6a246f048a49d8d97de2d2d4) Importer(815301076,1909f56bfc062723c751e8b465ee728b)
Start importing Assets/Unity Asset Store/UI/Pixel Art Icon Pack - RPG/Texture/Food/Apple.png using Guid(da7129ed6a246f048a49d8d97de2d2d4) Importer(815301076,1909f56bfc062723c751e8b465ee728b) (PreviewImporter) -> (artifact id: 'bb4fa8523f06190a7ce5e81a2f67cee0') in 0.0119163 seconds
Number of updated asset objects reloaded before import = 0Number of asset objects unloaded after import = 3

========================================================================
Received Import Request.
  Time since last request: 0.012522 seconds.
  path: Assets/Unity Asset Store/UI/kenney_game-icons/PNG/White/1x/audioOff.png
  artifactKey: Guid(d17c59ced882be742b2938c45e817fe0) Importer(815301076,1909f56bfc062723c751e8b465ee728b)
Start importing Assets/Unity Asset Store/UI/kenney_game-icons/PNG/White/1x/audioOff.png using Guid(d17c59ced882be742b2938c45e817fe0) Importer(815301076,1909f56bfc062723c751e8b465ee728b) (PreviewImporter) -> (artifact id: '257e56b971bd8bbb4124341ad5c4dc06') in 0.012994 seconds
Number of updated asset objects reloaded before import = 0Number of asset objects unloaded after import = 3

========================================================================
Received Import Request.
  Time since last request: 0.000018 seconds.
  path: Assets/Art/Art_CardIcons/WEAPON CLASS_Icons/Axe Class.png
  artifactKey: Guid(8d76ccb2d081e6c4ab0f8a0615fdad53) Importer(815301076,1909f56bfc062723c751e8b465ee728b)
Start importing Assets/Art/Art_CardIcons/WEAPON CLASS_Icons/Axe Class.png using Guid(8d76ccb2d081e6c4ab0f8a0615fdad53) Importer(815301076,1909f56bfc062723c751e8b465ee728b) (PreviewImporter) -> (artifact id: '550440adb5df56c0ed82b687efa93a7e') in 0.0571142 seconds
Number of updated asset objects reloaded before import = 0Number of asset objects unloaded after import = 3

========================================================================
Received Import Request.
  Time since last request: 0.000015 seconds.
  path: Assets/Unity Asset Store/UI/Classic_RPG_GUI/update/Background_blue.png
  artifactKey: Guid(587877b2db0a55c48ba6a7883d074462) Importer(815301076,1909f56bfc062723c751e8b465ee728b)
Start importing Assets/Unity Asset Store/UI/Classic_RPG_GUI/update/Background_blue.png using Guid(587877b2db0a55c48ba6a7883d074462) Importer(815301076,1909f56bfc062723c751e8b465ee728b) (PreviewImporter) -> (artifact id: '7cc672d0a27bcf21552cb23ebf762a52') in 0.0098033 seconds
Number of updated asset objects reloaded before import = 0Number of asset objects unloaded after import = 3

========================================================================
Received Import Request.
  Time since last request: 0.000019 seconds.
  path: Assets/Unity Asset Store/UI/Classic_RPG_GUI/update/Background_r_green.png
  artifactKey: Guid(a25ad12a301747e42b2ec2a9fc1fed18) Importer(815301076,1909f56bfc062723c751e8b465ee728b)
Start importing Assets/Unity Asset Store/UI/Classic_RPG_GUI/update/Background_r_green.png using Guid(a25ad12a301747e42b2ec2a9fc1fed18) Importer(815301076,1909f56bfc062723c751e8b465ee728b) (PreviewImporter) -> (artifact id: 'ece290f54c20cc75c77318185b76b3b0') in 0.0115124 seconds
Number of updated asset objects reloaded before import = 0Number of asset objects unloaded after import = 3

========================================================================
Received Import Request.
  Time since last request: 0.000020 seconds.
  path: Assets/Art/Characters/Enemies/Bandits - Pixel Art/Sprites/Background.png
  artifactKey: Guid(0ce96aa6462620e47ac56eccbb027deb) Importer(815301076,1909f56bfc062723c751e8b465ee728b)
Start importing Assets/Art/Characters/Enemies/Bandits - Pixel Art/Sprites/Background.png using Guid(0ce96aa6462620e47ac56eccbb027deb) Importer(815301076,1909f56bfc062723c751e8b465ee728b) (PreviewImporter) -> (artifact id: '912daf38f97bc3ed569e2de1cd8c9a2a') in 0.0072843 seconds
Number of updated asset objects reloaded before import = 0Number of asset objects unloaded after import = 3

========================================================================
Received Import Request.
  Time since last request: 0.000013 seconds.
  path: Assets/Unity Asset Store/UI/Classic_RPG_GUI/update/Background_r_red.png
  artifactKey: Guid(92d2b7b7641f92f47b7eea0246d85c93) Importer(815301076,1909f56bfc062723c751e8b465ee728b)
Start importing Assets/Unity Asset Store/UI/Classic_RPG_GUI/update/Background_r_red.png using Guid(92d2b7b7641f92f47b7eea0246d85c93) Importer(815301076,1909f56bfc062723c751e8b465ee728b) (PreviewImporter) -> (artifact id: 'b5a66af903e8e8bddf7f158734c503dd') in 0.0085174 seconds
Number of updated asset objects reloaded before import = 0Number of asset objects unloaded after import = 3

========================================================================
Received Import Request.
  Time since last request: 0.000015 seconds.
  path: Assets/Unity Asset Store/UI/Pixel Art Icon Pack - RPG/Texture/Weapon & Tool/Axe.png
  artifactKey: Guid(6a08ec4b334ea1c46b8171679417a74f) Importer(815301076,1909f56bfc062723c751e8b465ee728b)
Start importing Assets/Unity Asset Store/UI/Pixel Art Icon Pack - RPG/Texture/Weapon & Tool/Axe.png using Guid(6a08ec4b334ea1c46b8171679417a74f) Importer(815301076,1909f56bfc062723c751e8b465ee728b) (PreviewImporter) -> (artifact id: '2dd1c2e2e476d4951a9ab8ee82073b87') in 0.0074211 seconds
Number of updated asset objects reloaded before import = 0Number of asset objects unloaded after import = 3

========================================================================
Received Import Request.
  Time since last request: 0.000019 seconds.
  path: Assets/Unity Asset Store/UI/Classic_RPG_GUI/update/Background_grey.png
  artifactKey: Guid(380cbb2cc2e72a04fbb7013072d6c1e2) Importer(815301076,1909f56bfc062723c751e8b465ee728b)
Start importing Assets/Unity Asset Store/UI/Classic_RPG_GUI/update/Background_grey.png using Guid(380cbb2cc2e72a04fbb7013072d6c1e2) Importer(815301076,1909f56bfc062723c751e8b465ee728b) (PreviewImporter) -> (artifact id: 'f6d0bbda32e9d65849ffa886949f11da') in 0.0084412 seconds
Number of updated asset objects reloaded before import = 0Number of asset objects unloaded after import = 3

========================================================================
Received Import Request.
  Time since last request: 0.000020 seconds.
  path: Assets/Unity Asset Store/UI/Classic_RPG_GUI/update/Background_green.png
  artifactKey: Guid(a1349bb9b6370dd40a5f544368eb98bd) Importer(815301076,1909f56bfc062723c751e8b465ee728b)
Start importing Assets/Unity Asset Store/UI/Classic_RPG_GUI/update/Background_green.png using Guid(a1349bb9b6370dd40a5f544368eb98bd) Importer(815301076,1909f56bfc062723c751e8b465ee728b) (PreviewImporter) -> (artifact id: '17e6e18b931349194ba4d6869db5c3ee') in 0.0107321 seconds
Number of updated asset objects reloaded before import = 0Number of asset objects unloaded after import = 3

========================================================================
Received Import Request.
  Time since last request: 0.000018 seconds.
  path: Assets/Unity Asset Store/UI/Pixel Art Icon Pack - RPG/Texture/Equipment/Bag.png
  artifactKey: Guid(93dbc8f96dc6c00418ba8f1a8e8992e4) Importer(815301076,1909f56bfc062723c751e8b465ee728b)
Start importing Assets/Unity Asset Store/UI/Pixel Art Icon Pack - RPG/Texture/Equipment/Bag.png using Guid(93dbc8f96dc6c00418ba8f1a8e8992e4) Importer(815301076,1909f56bfc062723c751e8b465ee728b) (PreviewImporter) -> (artifact id: 'efc2ac54964173e88d6f7b282506f9cd') in 0.0252118 seconds
Number of updated asset objects reloaded before import = 0Number of asset objects unloaded after import = 3

========================================================================
Received Import Request.
  Time since last request: 0.000019 seconds.
  path: Assets/Unity Asset Store/UI/Classic_RPG_GUI/update/Background_r_blue.png
  artifactKey: Guid(2b05963f8be17e74d821b71ed8aa20a0) Importer(815301076,1909f56bfc062723c751e8b465ee728b)
Start importing Assets/Unity Asset Store/UI/Classic_RPG_GUI/update/Background_r_blue.png using Guid(2b05963f8be17e74d821b71ed8aa20a0) Importer(815301076,1909f56bfc062723c751e8b465ee728b) (PreviewImporter) -> (artifact id: '3a877aa9fec12848697c49130857887e') in 0.009726 seconds
Number of updated asset objects reloaded before import = 0Number of asset objects unloaded after import = 3

Editor requested this worker to shutdown with reason: Scaling down because of idle timeout
AssetImportWorker is now disconnected from the server
Process exiting
Exiting without the bug reporter. Application will terminate with return code 0